Open Watcom Linker Version 1.9
Portions Copyright (c) 1985-2002 Sybase, Inc. All Rights Reserved.
Created on:       12/12/11 17:44:13
Executable Image: lista1Ex2.exe
creating a Windows NT character-mode executable


                        +------------+
                        |   Groups   |
                        +------------+

Group                           Address              Size
=====                           =======              ====

.idata                          00415000             00000786
DGROUP                          00416000             000130f0



                        +--------------+
                        |   Segments   |
                        +--------------+

Segment                Class          Group          Address         Size
=======                =====          =====          =======         ====

BEGTEXT                CODE           AUTO           00401000        00000007
_TEXT                  CODE           AUTO           00401010        00013c00
TRANSFER CODE          CODE           AUTO           00414c10        0000019e
.idata                 .idata         .idata         00415000        00000786
_NULL                  BEGDATA        DGROUP         00416000        00000004
_AFTERNULL             BEGDATA        DGROUP         00416004        00000000
CONST                  DATA           DGROUP         00416010        00000164
_DATA                  DATA           DGROUP         00416180        0000108c
CONST2                 DATA           DGROUP         0041720c        00000000
XIB                    DATA           DGROUP         0041720c        00000000
XI                     DATA           DGROUP         0041720c        0000004e
XIE                    DATA           DGROUP         0041725a        00000000
YIB                    DATA           DGROUP         0041725a        00000000
YI                     DATA           DGROUP         0041725a        00000030
YIE                    DATA           DGROUP         0041728a        00000000
TIB                    DATA           DGROUP         0041728a        00000000
TI                     DATA           DGROUP         0041728a        00000000
TIE                    DATA           DGROUP         0041728a        00000000
DATA                   DATA           DGROUP         0041728a        00000000
DATA32                 DATA           DGROUP         0041728c        0000011c
CONST32                CONST          DGROUP         00418000        00000000
_BSS                   BSS            DGROUP         00418000        000010f0
BSS32                  BSS            DGROUP         004190f0        00000000
STACK                  STACK          DGROUP         004190f0        00010000


                        +----------------+
                        |   Memory Map   |
                        +----------------+

* = unreferenced symbol
+ = symbol only referenced locally

Address        Symbol
=======        ======

Module: Lista1Ex2.obj(C:\WATCOM\src\fortran\TCC00162\Lista1Ex2.for)
00401010       FMAIN
004010ee+      TESTA
Module: C:\WATCOM/lib386/nt\flib7.lib(setfmt.c)
004011d0       RT@SetFmt
Module: C:\WATCOM/lib386/nt\flib7.lib(cowrite)
004011f0       RT@IOWrite
004011ff*      RT@OutLOG1
00401211*      RT@OutLOG4
0040121f*      RT@OutINT1
00401231*      RT@OutINT2
00401241*      RT@OutINT4
00401250*      RT@OutREAL
00401260*      RT@OutDBLE
00401270*      RT@OutXTND
00401280*      RT@OutCPLX
00401296*      RT@OutDBCX
004012ac*      RT@OutXTCX
004012c2       RT@OutCHAR
004012c7*      RT@OutSTR
004012cc*      RT@PrtArr
004012d1*      RT@PrtChArr
Module: C:\WATCOM/lib386/nt\flib7.lib(cortns)
004161b8*      _FRT_SaveESP
004012e1*      SwitchToGen
004012ff       SwitchToRT
0040131d       RdWrCommon
004013c1       IOType_
004013df       IOChar
004013fa       IOStr
0040140f       IOArr
0040142a       IOChArr
0040144c       RT@EndIO
Module: C:\WATCOM/lib386/nt\flib7.lib(coread)
00401456       RT@IORead
00401465*      RT@InpLOG1
00401474*      RT@InpLOG4
00401483*      RT@InpINT1
00401492*      RT@InpINT2
004014a1       RT@InpINT4
004014b0*      RT@InpREAL
004014bf*      RT@InpDBLE
004014ce*      RT@InpXTND
004014dd*      RT@InpCPLX
004014ec*      RT@InpDBCX
004014fb*      RT@InpXTCX
0040150a*      RT@InpCHAR
0040150f*      RT@InpSTR
00401514*      RT@InpArr
00401519*      RT@InpChArr
Module: C:\WATCOM/lib386/nt\flib7.lib(setunit.c)
00401520       RT@SetUnit
Module: C:\WATCOM/lib386/nt\flib7.lib(setfile.c)
00401560       RT@SetFile
Module: C:\WATCOM/lib386/nt\flib7.lib(exopen.c)
00401cb0       RT@IOOpen
004161d8+      _AccModTab
004161e8+      _FormTab
004161f4+      _OpStatTab
00416208+      _BlnkTab
00416214+      _RecFmTab
00416224+      _CCtrlTab
00416230+      _ActionTab
00416240+      _ShareTab
Module: C:\WATCOM/lib386/nt\flib7.lib(setstat.c)
00401cd0       RT@SetStat
Module: C:\WATCOM/lib386/nt\flib7.lib(exclose.c)
00401de0       RT@IOClose
Module: C:\WATCOM/lib386/nt\clib3r.lib(cstrtwnt)
00401df6       _cstart_
00401df6*      mainCRTStartup
Module: C:\WATCOM/lib386/nt\emu387.lib(386)
00401e54       __init_387_emulator
00401e55*      __fini_387_emulator
Module: C:\WATCOM/lib386/nt\flib7.lib(initeng.c)
00418000       __init_english
Module: C:\WATCOM/lib386/nt\flib7.lib(initerr.c)
00418004       __init_error
Module: C:\WATCOM/lib386/nt\flib7.lib(setiocb.c)
00401e60       RT@SetIOCB
Module: C:\WATCOM/lib386/nt\flib7.lib(rdata.c)
00418010       _IORslt
00418020       _FmtBuff
00418024*      _Fmt_revert
00418028*      _Fmt_start
0041802c*      _Fmt_paren_level
00418030*      _Fmt_charptr
00418034*      _FmtEmStruct
00418038       _IOTypeRtn
0041803c*      _Fmt_end
00418040*      _Fmt_rep_spec
00418044       _FmtRoutine
00418048       _IOCB
0041804c       _Files
00418050*      _Fmt_delimited
Module: C:\WATCOM/lib386/nt\flib7.lib(rfmtexec.c)
00402820       R_FExec_
Module: C:\WATCOM/lib386/nt\flib7.lib(exwrite.c)
004028c0       DoWrite_
Module: C:\WATCOM/lib386/nt\flib7.lib(iomain.c)
004028f0       __ReleaseIOSys_
00402910       IOMain_
Module: C:\WATCOM/lib386/nt\clib3r.lib(crwdata)
004162ac       __osmajor
004162ad       __osminor
004162ae       __osbuild
004162b0       __osver
004162b4       __winmajor
004162b8       __winminor
004162bc       __winver
00416278       __LpDllName
0041627c       __LpwCmdLine
00416280       __LpwPgmName
00416284       __LpwDllName
00416270       __LpCmdLine
00416274       __LpPgmName
00416268*      __dynend
0041626c       __curbrk
00416288*      __STACKLOW
0041628c       __STACKTOP
00416290       __ASTACKSIZ
00416294       __ASTACKPTR
00416298*      __cbyte
0041629c*      __cbyte2
004162a0*      __child
004162a6       __Envptr
004162aa*      __Envseg
004162a4       __no87
004162c0       ___FPE_handler
Module: C:\WATCOM/lib386/nt\flib7.lib(thrdutil.c)
00402b20*      __InitMultiThreadIO_
004162c8       ___SwitchStkLow
Module: C:\WATCOM/lib386/nt\flib7.lib(exread.c)
00402bb0       DoRead_
Module: C:\WATCOM/lib386/nt\flib7.lib(rtutls.c)
00402c00       FindFtnFile_
00402cf0       RChkAlloc_
00402d20       F_Connect_
00402da0       ConnectFile_
00402db0       GetFileInfo_
00402ea0       DiscoFile_
00402f10*      ChkFileName_
00402f40+      ChkLogFile_
00402f80       ChkIOOperation_
00402fc0       GetIOErr_
00402fd0       ChkIOErr_
00402ff0       ChkUnitId_
00403030*      ChkConnected_
00403050       SetEOF_
00403080       ClearEOF_
004030c0       SysEOF_
004030f0       IsFixed_
00403100       IsCarriage_
00403110*      ChkRecordStructure_
00403140*      ChkSequential_
00403160*      ChkExist_
00403190       StrItem_
Module: C:\WATCOM/lib386/nt\flib7.lib(exutil.c)
00403210       FindKWord_
004032a0*      ClrBuff_
004162cc       _SpecId
Module: C:\WATCOM/lib386/nt\flib7.lib(ioerr.c)
004032f0       IOErr_
Module: C:\WATCOM/lib386/nt\flib7.lib(rtsysutl.c)
00403380       GetSysIOInfo_
004033a0       GetSysFileInfo_
004033d0       IsDevice_
004035a0       OpenAction_
004035e0*      DfltRecType_
00403600+      _FileAttrs_
004036c0       CloseFile_
00403730       Scrtched_
00403750       CloseDeleteFile_
004037a0       Errf_
004037c0       FPutBuff_
00403830       FGetBuff_
00403880       SeekFile_
004038a0       NoEOF_
004038b0       SysClearEOF_
004038c0       SameFile_
004038d0*      Rewindf_
004038f0       SysCreateFile_
00403930       CheckLogicalRecord_
00403950       SkipLogicalRecord_
00403970*      BackSpacef_
004039a0*      EndFilef_
004039e0       GetIOErrMsg_
00403a20       ReportNExist_
00403a40       ReportEOF_
00403a50*      WaitForEnter_
Module: C:\WATCOM/lib386/nt\flib7.lib(runmain.c)
00403a60*      __InitUnit6CC_
00403a70       __DevicesCC_
00403a80*      __InitAllowCommaSeparator_
00403a90       __AllowCommaSep_
00403aa0+      _InitIO_
00403b10+      CloseAllFiles_
00403b50*      _FiniEx_
00403b50       RunExit_
00403b90       RunEntry_
Module: C:\WATCOM/lib386/nt\flib7.lib(rdwr.c)
00403bc0       DoOpen_
00403bf0+      _AllocBuffer_
00403c30       IOPrologue_
00403e70       UpdateRecNum_
Module: C:\WATCOM/lib386/nt\clib3r.lib(main2wnt.c)
00403eb0       __NTMain
Module: C:\WATCOM/lib386/nt\clib3r.lib(segdefns)
00401003       ___begtext
00416000*      __nullarea
0041720c       __Start_XI
0041725a       __End_XI
0041725a       __Start_YI
0041728a       __End_YI
Module: C:\WATCOM/lib386/nt\flib7.lib(english.c)
00403f40       __UseEnglishCharSet_
Module: C:\WATCOM/lib386/nt\flib7.lib(errincl.c)
00404050       __InitError_
004162f8+      _PGroupTable
004162fc+      _PErrWord
Module: C:\WATCOM/lib386/nt\flib7.lib(rtinit.c)
00416300       ___FAppType
00416304       __ExceptionInit
00416308       __ExceptionFini
00404080*      __InitFThreadData_
004040c0+      RTSysFini_
004040d0       RTSysInit_
00416310       __AccessFIO
00416314       __ReleaseFIO
00416318       __PartialReleaseFIO
00418058       ___FThreadDataOffset
00417224*      ___fthread_data_size
Module: C:\WATCOM/lib386/nt\clib3r.lib(mainwnt.c)
0041631c       ___TlsIndex
00416320       ___FirstThreadData
00416324       ___GetThreadPtr
00416328       __AccessFileH
0041632c       __ReleaseFileH
00416330       __AccessIOB
00416334       __ReleaseIOB
00416338       __AccessNHeap
0041633c       __AccessFHeap
00416340       __ReleaseNHeap
00404140*      __threadid_
00404160+      __sig_null_rtn_
00404170+      __NTInit_
00404350+      __NTFini_
004043b0       __NTMainInit_
00404410       __exit_
00416344       __ReleaseFHeap
00416348       __AccessTDList
0041634c       __ReleaseTDList
00416350       __AccessFList
00416354       __ReleaseFList
00416358       __ThreadExitRtn
0041635c       ___sig_init_rtn
00416360       ___sig_fini_rtn
00416364       ___process_fini
00418064       ___Is_DLL
Module: C:\WATCOM/lib386/nt\flib7.lib(ioinit.c)
00404470       IOSysInit_
Module: C:\WATCOM/lib386/nt\flib7.lib(rterr.c)
0041636c+      _TraceRoutine
004044c0+      FlushStdUnit_
00404510+      WriteErr_
004045e0       ErrHandler_
00404620       RTErr_
00416378+      LG@ERR_HOOK
Module: C:\WATCOM/lib386/nt\flib7.lib(wrutils.c)
00404650       F_SendData_
004046b0*      SendLine_
004046c0       SendEOR_
00404750*      SendInt_
00404780       SendStr_
004047a0+      SendWSLStr_
004047c0       SendChar_
004047e0       Drop_
004049a0       IOItemResult_
Module: C:\WATCOM/lib386/nt\flib7.lib(rfmtutil.c)
00404a50       R_ChkType_
00404a80       R_NewRec_
00404ac0       R_ChkIType_
00404af0       R_ChkFType_
00404b20       R_ChkRecLen_
00404b40+      GetLen_
00404b80       R_FOStr_
00404b90*      FOString_
00404c00       R_FIStr_
00404cc0       R_FOLog_
00404d10       R_FILog_
00404df0       R_FIFloat_
00404fe0       GetReal_
004050f0       R_FOF_
00405170       R_FOE_
004052b0+      FmtH2B_
004053a0       R_FIHex_
00405520       R_FOHex_
00405530*      FOHex_
00405630       R_FIInt_
00405740       R_FOInt_
004059a0       R_FOG_
00405c20+      ChkBuffLen_
Module: C:\WATCOM/lib386/nt\flib7.lib(arrayio.c)
00405ce0       ArrayIOType_
Module: C:\WATCOM/lib386/nt\flib7.lib(unfmtout.c)
00405e40       UnFmtOut_
Module: C:\WATCOM/lib386/nt\flib7.lib(freeout.c)
00406290       FreeOut_
0041637c+      _OutRtn
Module: C:\WATCOM/lib386/nt\flib7.lib(spawn.c)
00406370       Spawn_
004063d0       Suicide_
Module: C:\WATCOM/lib386/nt\flib7.lib(unfmtin.c)
00406410       UnFmtIn_
004064b0+      NextUnFmtRec_
Module: C:\WATCOM/lib386/nt\flib7.lib(freein.c)
00406890+      GetNum_
00406a90       FreeIn_
00406aa0*      DoFreeIn_
00406ad0+      BumpComma_
00406b00+      Blanks_
00406b20+      CheckEor_
Module: C:\WATCOM/lib386/nt\flib7.lib(fdutil.c)
00407130       LocFile_
00407140       LocUnit_
00407170       ExtractInfo_
Module: C:\WATCOM/lib386/nt\flib7.lib(rstdio.c)
004072a0       _InitStandardInput_
004072d0       _InitStandardOutput_
Module: C:\WATCOM/lib386/nt\flib7.lib(rmemmgr.c)
00407300       RMemAlloc_
00407310       RMemFree_
Module: C:\WATCOM/lib386/nt\clib3r.lib(memset.c)
00407320       memset_
Module: C:\WATCOM/lib386/nt\flib7.lib(deffname.c)
004163b0       _DefFName
Module: C:\WATCOM/lib386/nt\flib7.lib(stracc.c)
00407340       TrimStr_
00407380       GetStr_
Module: C:\WATCOM/lib386/nt\clib3r.lib(memicmp.c)
004073b0       memicmp_
Module: C:\WATCOM/lib386/nt\flib7.lib(blderr.c)
00407470       Substitute_
00407630       ErrCodOrg_
Module: C:\WATCOM/lib386/nt\clib3r.lib(accsswnt.c)
00407640       access_
Module: C:\WATCOM/lib386/nt\clib3r.lib(fullpath.c)
00407680+      _sys_fullpath_
00407700       _fullpath_
Module: C:\WATCOM/lib386/nt\clib3r.lib(fstatwnt.c)
00407770       fstat_
Module: C:\WATCOM/lib386/nt\flib7.lib(poserr.c)
00407ad0       Errorf_
00407af0*      EOFile_
00407b10       ErrorMsg_
00407b50       FSetTrunc_
00407b60       FSetSysErr_
00407b80       FSetErr_
00407ba0       FSetEof_
00407bc0       IOOk_
Module: C:\WATCOM/lib386/nt\clib3r.lib(statwnt.c)
00407ce5       stat_
Module: C:\WATCOM/lib386/nt\flib7.lib(posopen.c)
00407f20       InitStd_
00407fe0       SetIOBufferSize_
00408000+      _AllocFile_
004080f0       Openf_
004081e0       Closef_
Module: C:\WATCOM/lib386/nt\flib7.lib(posdat.c)
004165a0       _FStdIn
004165a4       _FStdOut
004165a8       _FStdErr
Module: C:\WATCOM/lib386/nt\flib7.lib(posflush.c)
00408260       FlushBuffer_
Module: C:\WATCOM/lib386/nt\flib7.lib(posdel.c)
00408310       Scratchf_
Module: C:\WATCOM/lib386/nt\clib3r.lib(nodefwin.c)
004165ac*      __WindowsIsWindowedHandle
004165b0*      __WindowsRemoveWindowedHandle
004165b4*      __WindowsNewWindow
004165b8*      __WindowsCloseWindow
004165bc*      __WindowsSetAbout
004165c0*      __WindowsSetAppTitle
004165c4*      __WindowsSetConTitle
004165c8*      __WindowsDestroyOnClose
004165cc*      __WindowsYieldControl
004165d0*      __WindowsShutDown
004165d4*      __WindowsStdin
004165d8       __WindowsStdout
004165dc*      __WindowsKbhit
004165e0*      __WindowsGetch
004165e4*      __WindowsGetche
004165e8*      __WindowsPutch
00408330*      _dwShutDown_
00408330*      _dwYield_
00408330*      _dwSetConTitle_
00408330*      _dwSetAppTitle_
00408330*      _dwSetAboutDlg_
00408330       _dwDeleteOnClose_
004165ec*      __WindowsExitRtn
00418680*      __init_default_win
Module: C:\WATCOM/lib386/nt\flib7.lib(posput.c)
00408340       FPutRec_
00408380       ChopFile_
004083d0*      PutRec_
004084f0       writebytes_
00408570       SysWrite_
Module: C:\WATCOM/lib386/nt\flib7.lib(posget.c)
004086b0       readbytes_
00408780       SysRead_
00408bf0       FGetRec_
00408c20*      GetRec_
00408c40       GetStdChar_
00408c90       FCheckLogical_
00408d10       FSkipLogical_
00408de0*      FGetVarRecLen_
Module: C:\WATCOM/lib386/nt\flib7.lib(posseek.c)
00408ed0       FSeekRec_
00408f10       CurrFileOffset_
00408f10       FGetFilePos_
00408f30       SysSeek_
00409120*      FSeekAbs_
Module: C:\WATCOM/lib386/nt\clib3r.lib(stricmp.c)
00409130       stricmp_
Module: C:\WATCOM/lib386/nt\flib7.lib(posrew.c)
00409170       FRewind_
Module: C:\WATCOM/lib386/nt\flib7.lib(posback.c)
004091e0       FBackspace_
Module: C:\WATCOM/lib386/nt\flib7.lib(postrunc.c)
004092c0       FTruncate_
Module: C:\WATCOM/lib386/nt\clib3r.lib(errno.c)
004092e0       __get_errno_ptr_
004092f0*      __get_doserrno_ptr_
Module: C:\WATCOM/lib386/nt\flib7.lib(sdfile.c)
004165f0*      _FFCtrlSeq
004165f2*      _SkipCtrlSeq
004165f4       _NormalCtrlSeq
004165f6       _SDTermIn
004165fa       _SDTermOut
004165fe*      _SDPrtName
Module: C:\WATCOM/lib386/nt\clib3r.lib(initrtns.c)
00409310       __InitRtns
00409360       __FiniRtns
Module: C:\WATCOM/lib386/nt\clib3r.lib(mthrdini.c)
004093c0       __InitThreadData_
00416604       ___ThreadDataSize
Module: C:\WATCOM/lib386/nt\clib3r.lib(cmain386.c)
004093f0       __CMain
Module: C:\WATCOM/lib386/nt\clib3r.lib(dosseg)
00001234       __DOSseg__
Module: C:\WATCOM/lib386/nt\flib7.lib(csetinfo.c)
00418684       _CharSetInfo
Module: C:\WATCOM/lib386/nt\flib7.lib(errmsg.c)
00409760       _GroupTable
00409810       _ErrWord
Module: C:\WATCOM/lib386/nt\flib7.lib(errrtns.c)
00418698       ___ErrorFini
0041869c       ___ErrorInit
004186a0       ___BldErrMsg
Module: C:\WATCOM/lib386/nt\flib7.lib(rttraps.c)
00409f30       __EnableF77RTExceptionHandling_
00409f40       R_TrapInit_
00409fd0       R_TrapFini_
00409fe0*      __InitExceptionVectors_
Module: C:\WATCOM/lib386/nt\clib3r.lib(atexit.c)
00409ff5       atexit_
Module: C:\WATCOM/lib386/nt\clib3r.lib(regdata.c)
0040a050       __RegisterThreadDataSize_
Module: C:\WATCOM/lib386/nt\clib3r.lib(hdlman.c)
00416608+      ___NHandles
0041660c+      ___OSHandles
00416610+      ___FakeHandles
0040a080+      __growPOSIXHandles_
0040a120       __allocPOSIXHandle_
0040a1e0       __freePOSIXHandle_
0040a200       __getOSHandle_
0040a210       __setOSHandle_
0040a260+      __NTGetFakeHandle_
0040a2d0       __initPOSIXHandles_
0040a3b0*      __set_handles_
0040a3c0*      _grow_handles_
Module: C:\WATCOM/lib386/nt\clib3r.lib(environ.c)
00418728       ___env_mask
0041872c       _environ
00418730       __wenviron
Module: C:\WATCOM/lib386/nt\clib3r.lib(getmodfn.c)
0040a400       __lib_GetModuleFileNameW_
Module: C:\WATCOM/lib386/nt\clib3r.lib(strdup.c)
0040a4a0       __clib_strdup_
Module: C:\WATCOM/lib386/nt\clib3r.lib(istable.c)
0040a4e0       __IsTable
Module: C:\WATCOM/lib386/nt\clib3r.lib(ustrdup.c)
0040a5e1       __clib_wcsdup_
Module: C:\WATCOM/lib386/nt\clib3r.lib(nfree.c)
0040a610       _nfree_
0040a610       free_
00418734       ___MiniHeapFreeRover
Module: C:\WATCOM/lib386/nt\clib3r.lib(excptwnt.c)
0040ad80+      ___ReportException@4
0040b1d0       __DefaultExceptionHandler_
0040b210+      ___ExceptionFilter
0040b420       __NewExceptionFilter_
0040b450       __DoneExceptionFilter_
0041661c       ___oscode_check_func
00416620       ___raise_func
00418738*      _sw
0041873c       ___ExceptionHandled
0041873d+      ___ReportInvoked
Module: C:\WATCOM/lib386/nt\clib3r.lib(stklmwnt.c)
0040b490       __init_stack_limits_
Module: C:\WATCOM/lib386/nt\flib7.lib(errutil.c)
0040b500       BldErrCode_
0040b560*      MsgFormat_
0040b590*      MsgBuffer_
00416638+      _PGrpCodes
Module: C:\WATCOM/lib386/nt\clib3r.lib(enterdb.c)
0040b5c0       __EnterWVIDEO_
0041663c       ___WD_Present
Module: C:\WATCOM/lib386/nt\flib7.lib(stdio.c)
0040b600       StdBuffer_
0040b620+      StdWrite_
0040b700       StdFlush_
0040b730       StdWriteNL_
Module: C:\WATCOM/lib386/nt\flib7.lib(ifile.c)
0040b760       SendIFBuff_
0040b790       NextIFBuff_
Module: C:\WATCOM/lib386/nt\clib3r.lib(ltoa.c)
0040b7c0       ultoa_
0040b810       ltoa_
Module: C:\WATCOM/lib386/nt\flib7.lib(cctrl.c)
0040b840       CheckCCtrl_
Module: C:\WATCOM/lib386/nt\flib7.lib(rdutils.c)
0040b8b0       NextRec_
Module: C:\WATCOM/lib386/nt\flib7.lib(undefcg.c)
0040ba50       OutLogCG_
0040ba60       OutIntCG_
0040baa0+      FmtRealCG_
0040bad0+      FmtDoubleCG_
0040bb00+      FmtExtendedCG_
0040bb30+      UndefIntCG_
0040bb30+      UndefLogCG_
0040bb30+      UndefExtendedCG_
0040bb30+      UndefDoubleCG_
0040bb30+      UndefRealCG_
0040bb40+      GetRealCG_
00416a48       _FmtRealRtn
00416a4c       _FmtDoubleRtn
00416a50       _FmtExtendedRtn
00416a54       _SendStrRtn
00416a58       _UndefRealRtn
00416a5c       _UndefDoubleRtn
00416a60       _UndefExtendedRtn
00416a64       _UndefLogRtn
00416a68       _UndefIntRtn
00416a6c       _GetRealRtn
Module: C:\WATCOM/lib386/nt\flib7.lib(rfmtlog.c)
0040bb60       R_FmtLog_
Module: C:\WATCOM/lib386/nt\clib3r.lib(toupper.c)
0040bb90       toupper_
Module: C:\WATCOM/lib386/nt\flib7.lib(fmtcnvt.c)
0040bba0       FmtS2I_
0040bcd0       FmtS2F_
Module: C:\WATCOM/lib386/nt\flib7.lib(fmtrtns.c)
0040c0a0       R_F2E_
0040c210       R_F2F_
0040c3a0       SetMaxPrec_
Module: C:\WATCOM/lib386/nt\flib7.lib(flt86.c)
0040c3b0       _P1d100
0040c3b8       _P1d_99
Module: C:\WATCOM/lib386\math387r.lib(pow87)
0040c519*      pow_
0040c3c0       IF@DPOW
0040c3c0*      IF@POW
Module: C:\WATCOM/lib386/nt\flib7.lib(hexcnv.c)
0040c540       Hex_
0040c560*      HSToB_
0040c5d0       BToHS_
Module: C:\WATCOM/lib386/nt\clib3r.lib(strupr.c)
0040c620       strupr_
Module: C:\WATCOM/lib386/nt\clib3r.lib(_8087)
00416a70       __8087
00416a71       __real87
Module: C:\WATCOM/lib386/nt\flib7.lib(unfmtutl.c)
0040c640       _SizeVars
Module: C:\WATCOM/lib386/nt\clib3r.lib(setjmp)
0040c650       _setjmp_
0040c689       longjmp_
Module: C:\WATCOM/lib386/nt\clib3r.lib(exit.c)
0040c711+      __null_int23_exit_
0040c712       exit_
0040c762*      _exit_
00416a74+      ___int23_exit
00416a78+      ___FPE_handler_exit
Module: C:\WATCOM/lib386/nt\flib7.lib(chrutils.c)
0040c780       JmpBlanks_
Module: C:\WATCOM/lib386/nt\clib3r.lib(getenv.c)
0040c7a0       getenv_
Module: C:\WATCOM/lib386/nt\clib3r.lib(nmalloc.c)
0040c830       _nmalloc_
0040c830       malloc_
00416a7c       ___nheapbeg
00416a80       ___MiniHeapRover
00416a84       ___LargestSizeB4MiniHeapRover
Module: C:\WATCOM/lib386/nt\clib3r.lib(__stos)
0040c930       __STOSB
0040c967*      __STOSD
Module: C:\WATCOM/lib386/nt\clib3r.lib(memmove.c)
0040c9e0       memmove_
Module: C:\WATCOM/lib386/nt\clib3r.lib(itoa.c)
0040ca40       utoa_
0040ca90       itoa_
Module: C:\WATCOM/lib386/nt\clib3r.lib(fgtattr.c)
0040cac0       __fixed_GetFileAttributesA_
Module: C:\WATCOM/lib386/nt\clib3r.lib(dosret.c)
0040cb60*      _dosretax_
0040cb70*      _dosret0_
0040cb80       __set_errno_dos_
0040cbb0*      __set_errno_dos_reterr_
0040cbc0       __set_errno_nt_
0040cbd0*      __set_errno_nt_reterr_
Module: C:\WATCOM/lib386/nt\clib3r.lib(seterrno.c)
0040cbe4       __set_errno_
0040cbf2*      __set_EDOM_
0040cc00       __set_ERANGE_
0040cc0e*      __set_EINVAL_
0040cc21       __set_doserrno_
Module: C:\WATCOM/lib386/nt\clib3r.lib(gtcwdwnt.c)
0040cc30       getcwd_
Module: C:\WATCOM/lib386/nt\clib3r.lib(iomode.c)
0040ccc0       __GetIOMode_
0040cce0       __SetIOMode_nogrow_
00416b8c       ___NFiles
00416b90       ___init_mode
00416be0       ___io_mode
Module: C:\WATCOM/lib386/nt\clib3r.lib(iomodtty.c)
0040cd00       __ChkTTYIOMode_
0040cd40       __IOMode_
Module: C:\WATCOM/lib386/nt\clib3r.lib(ntdirinf.c)
0040cd60       __MakeDOSDT_
0040cd90*      __FromDOSDT_
0040cdc0*      __GetNTDirInfo_
0040ce00*      __NTFindNextFileWithAttr_
Module: C:\WATCOM/lib386/nt\clib3r.lib(d2ttime.c)
0040ce60       _d2ttime_
Module: C:\WATCOM/lib386/nt\clib3r.lib(strerror.c)
0040d200       strerror_
0040d220*      _strerror_
0040d2f0*      _doserror_
00416be4+      __sys_errlist
00416c88+      __sys_nerr
Module: C:\WATCOM/lib386/nt\clib3r.lib(_strcmp)
0040d320       strcmp_
Module: C:\WATCOM/lib386/nt\clib3r.lib(mbspbrk.c)
0040d460       _mbspbrk_
Module: C:\WATCOM/lib386/nt\clib3r.lib(mbsinc.c)
0040d4b0       _mbsinc_
Module: C:\WATCOM/lib386/nt\clib3r.lib(tolower.c)
0040d4e0       tolower_
Module: C:\WATCOM/lib386/nt\clib3r.lib(stiomode.c)
0040d4f0       __grow_iomode_
0040d5c0+      __shrink_iomode_
0040d600       __SetIOMode_
Module: C:\WATCOM/lib386/nt\clib3r.lib(close.c)
0040d670       close_
Module: C:\WATCOM/lib386/nt\clib3r.lib(openwnt.c)
0040d890*      open_
0040d8b0       sopen_
Module: C:\WATCOM/lib386/nt\clib3r.lib(lseek.c)
0040d8e0       lseek_
Module: C:\WATCOM/lib386/nt\flib7.lib(poscc.c)
0040d930*      __LineFeedWithFormFeed_
0040d940       FSetCC_
Module: C:\WATCOM/lib386/nt\clib3r.lib(write.c)
0040dbf0       write_
Module: C:\WATCOM/lib386/nt\clib3r.lib(unlnkwnt.c)
0040de50       unlink_
Module: C:\WATCOM/lib386/nt\clib3r.lib(chsizwnt.c)
0040ded0       chsize_
Module: C:\WATCOM/lib386/nt\clib3r.lib(read.c)
0040dfc0       read_
Module: C:\WATCOM/lib386/nt\clib3r.lib(cinit.c)
0040e150       __CommonInit_
Module: C:\WATCOM/lib386/nt\clib3r.lib(___argc.c)
00418848       ____Argc
0041884c       ____Argv
Module: C:\WATCOM/lib386/nt\flib7.lib(rtmain.c)
0040e160       main_
Module: C:\WATCOM/lib386/nt\clib3r.lib(signlwnt.c)
00416c94+      __SignalTable
0040e180+      __SetSignalFunc_
0040e1d0+      __GetSignalFunc_
0040e200+      __GetSignalOSCode_
0040e230+      __CheckSignalExCode_
0040e370+      __sigabort_
0040e380       __sigfpe_handler_
0040e3d0       signal_
0040e460+      raise_
0040e4d0+      __SigInit_
0040e520+      __SigFini_
0040e560+      __sig_init_
Module: C:\WATCOM/lib386/nt\flib7.lib(fptraps.c)
0040e640*      __MaskDefaultFPE_
0040e660       FPTrapInit_
0040e690       FPTrapFini_
Module: C:\WATCOM/lib386/nt\clib3r.lib(trdlist.c)
0040e700       __GetThreadData_
0040e750       __ReallocThreadData_
0040e840       __AddThreadData_
0040e8c0       __RemoveThreadData_
0040e920       __ResizeThreadDataList_
0040e950       __FreeThreadDataList_
0040e980*      __ActiveThreads_
Module: C:\WATCOM/lib386/nt\clib3r.lib(nrealloc.c)
0040e9a0*      _nrealloc_
0040e9a0       realloc_
Module: C:\WATCOM/lib386/nt\clib3r.lib(setenvp.c)
0040ea20       __setenvp_
0040eae0       __freeenvp_
Module: C:\WATCOM/lib386/nt\clib3r.lib(ustrlen.c)
0040eb2d       wcslen_
Module: C:\WATCOM/lib386/nt\clib3r.lib(memcpy.c)
0040eb40       memcpy_
Module: C:\WATCOM/lib386/nt\clib3r.lib(mem.c)
0040eb60       __MemAllocator
0040ec10       __MemFree
Module: C:\WATCOM/lib386/nt\clib3r.lib(conutwnt.c)
0040ed60*      __NTRealKey_
0040ee10*      __NTConsoleInput_
0040ee20       __NTConsoleOutput_
Module: C:\WATCOM/lib386/nt\clib3r.lib(fclex387.c)
0040ee30       _ClearFPE_
Module: C:\WATCOM/lib386/nt\flib7.lib(errgrp.c)
0040ee40       _GrpCodes
Module: C:\WATCOM/lib386/nt\clib3r.lib(iob.c)
00416d08       ___iob
00416f10       __fmode
00418858       ___OpenStreams
0041885c       ___ClosedStreams
Module: C:\WATCOM/lib386/nt\clib3r.lib(setmd.c)
0040eed0       setmode_
Module: C:\WATCOM/lib386/nt\clib3r.lib(alphabet.c)
00416110       ___Alphabet
Module: C:\WATCOM/lib386/nt\flib7.lib(expchk.c)
0040efc0       ToFFormat_
Module: C:\WATCOM/lib386/nt\flib7.lib(intarith.c)
0040f010       AddIOFlo_
0040f020*      SubIOFlo_
0040f030       MulIOFlo_
Module: C:\WATCOM/lib386\math387r.lib(strtod.c)
0040f553+      __Strtold_
0040f6ba       strtod_
Module: C:\WATCOM/lib386\math387r.lib(ldcvt.c)
0040f8dd       _LDScale10x_
0040fe84       __LDcvt_
Module: C:\WATCOM/lib386/nt\clib3r.lib(chipvar)
00416fbc       ___chipbug
00416fbc       __chipbug
Module: C:\WATCOM/lib386\math387r.lib(pow87e.c)
004102d4       __pow87_err_
Module: C:\WATCOM/lib386\math387r.lib(exp87)
004103c3*      exp_
0041035c*      __@DEXP1
00410364*      IF@EXP
00410364*      IF@DEXP
00410366       __@DEXP
Module: C:\WATCOM/lib386/nt\clib3r.lib(chipd32.asm)
004104e7       __fdiv_fpr
004109a9*      __fdiv_chk
004109bc*      __fdiv_m32
00410a09*      __fdiv_m64
00410a56*      __fdiv_m32r
00410aa3*      __fdiv_m64r
Module: C:\WATCOM/lib386/nt\clib3r.lib(chk8087.c)
00410b10*      _fpreset_
00410b50       __chk8087_
00410b60*      __init_8087_
Module: C:\WATCOM/lib386/nt\clib3r.lib(ljmphdl.c)
00416fd0       ___longjmp_handler
Module: C:\WATCOM/lib386/nt\clib3r.lib(mbterm.c)
00410b90       _mbterm_
Module: C:\WATCOM/lib386/nt\clib3r.lib(mbsnextc.c)
00410bd0       _mbsnextc_
Module: C:\WATCOM/lib386/nt\clib3r.lib(mbcupper.c)
00410c10       _mbctoupper_
Module: C:\WATCOM/lib386/nt\clib3r.lib(nmemneed.c)
00410c40       __nmemneed_
Module: C:\WATCOM/lib386/nt\clib3r.lib(grownear.c)
00410db0       __ExpandDGROUP_
Module: C:\WATCOM/lib386/nt\clib3r.lib(isattwnt.c)
00410dd0       isatty_
Module: C:\WATCOM/lib386/nt\clib3r.lib(strncpy.c)
00410df0       strncpy_
Module: C:\WATCOM/lib386/nt\clib3r.lib(mktime.c)
00410e30       mktime_
Module: C:\WATCOM/lib386/nt\clib3r.lib(mbschr.c)
00410ec0       _mbschr_
Module: C:\WATCOM/lib386/nt\clib3r.lib(mbisdbcs.c)
00418860       ___IsDBCS
Module: C:\WATCOM/lib386/nt\clib3r.lib(mbislead.c)
00410f20*      _ismbblead_
00418864       ___MBCSIsTable
Module: C:\WATCOM/lib386/nt\clib3r.lib(_clsewnt.c)
00410f40       __close_
Module: C:\WATCOM/lib386/nt\clib3r.lib(ntfio.c)
00410fa0*      __GetNTCreateAttr_
00410fe0       __GetNTAccessAttr_
00411010       __GetNTShareAttr_
Module: C:\WATCOM/lib386/nt\clib3r.lib(umaskval.c)
00416fd4       ___umaskval
Module: C:\WATCOM/lib386/nt\clib3r.lib(__lseek.c)
00411070       __lseek_
Module: C:\WATCOM/lib386/nt\clib3r.lib(stackwnt.c)
004110b0       stackavail_
Module: C:\WATCOM/lib386/nt\clib3r.lib(stk)
004110c1*      __CHK
004110d1*      __STK
004110f0       __STKOVERFLOW_
00411100*      __GRO
00411120*      __alloca_probe
Module: C:\WATCOM/lib386/nt\clib3r.lib(argcv.c)
00418968       __argc
0041896c       __argv
00418970       ___argv
00418974       ___argc
Module: C:\WATCOM/lib386/nt\clib3r.lib(abort.c)
00411155*      abort_
00411167       __terminate_
00416fe8       ___abort
Module: C:\WATCOM/lib386/nt\clib3r.lib(cntrl87.c)
00411180       _control87_
Module: C:\WATCOM/lib386/nt\clib3r.lib(mthread.c)
00411360+      __CloseSemaphore_
004113a0+      __AccessIOB_
004113b0+      __ReleaseIOB_
004113c0+      __AccessFileH_
004113d0+      __ReleaseFileH_
004113e0+      __AccessNHeap_
004113f0+      __ReleaseNHeap_
00411400+      __AccessFHeap_
00411410+      __ReleaseFHeap_
00411420+      __AccessTDList_
00411430+      __ReleaseTDList_
00411440+      __AccessFList_
00411450+      __AccessSemaphore_
004114b0+      __ReleaseFList_
004114c0+      __ReleaseSemaphore_
004114f0+      __MultipleThread_
00411540+      __AllocInitThreadData_
00411590*      __FreeInitThreadData_
004115a0       __NTThreadInit_
00411610       __NTAddThread_
00411660       __NTRemoveThread_
004116f0       __InitMultipleThread_
00416fec+      ___AccessSema4
00416ff0+      ___ReleaseSema4
00416ff4+      ___CloseSema4
Module: C:\WATCOM/lib386/nt\clib3r.lib(xmsgwnt.c)
004118b0+      __exit_with_msg_
00411910       __fatal_runtime_error_
Module: C:\WATCOM/lib386/nt\clib3r.lib(calloc.c)
00411930       calloc_
Module: C:\WATCOM/lib386/nt\clib3r.lib(register.c)
00411960       __initthread_
00411970*      _beginthread_
00411980       _endthread_
00411990*      __RegisterThreadData_
Module: C:\WATCOM/lib386/nt\clib3r.lib(nmsize.c)
004119e0       _nmsize_
004119e0*      _msize_
Module: C:\WATCOM/lib386/nt\clib3r.lib(nexpand.c)
004119f0       _nexpand_
004119f0*      _expand_
00411a30+      __HeapManager_expand_
Module: C:\WATCOM/lib386/nt\clib3r.lib(dofilstr.c)
00411c10       __ParsePosixHandleStr_
Module: C:\WATCOM/lib386/nt\clib3r.lib(clearenv.c)
00411d30       clearenv_
Module: C:\WATCOM/lib386/nt\clib3r.lib(initfile.c)
00411df0       __InitFiles_
Module: C:\WATCOM/lib386/nt\clib3r.lib(ioexit.c)
00411ef0*      fcloseall_
00411f00       __full_io_exit_
Module: C:\WATCOM/lib386\math387r.lib(bufld386)
00411f0c       __ZBuf2LD
Module: C:\WATCOM/lib386\math387r.lib(inf_nan.c)
00411faf*      ___f_infinity
00411fb3*      ___f_posqnan
00411fb7       ___d_infinity
00411fbf       ___d_posqnan
00411fc7*      ___ld_infinity
00411fcf*      ___ld_posqnan
Module: C:\WATCOM/lib386/nt\clib3r.lib(hugeval.c)
00411fe0       __HugeValue
Module: C:\WATCOM/lib386\math387r.lib(ldclass.c)
00411fe8       __LDClass_
00412038*      _FLClass_
Module: C:\WATCOM/lib386/nt\clib3r.lib(chipbug.c)
00412050       __verify_pentium_fdiv_bug_
Module: C:\WATCOM/lib386/nt\flib7.lib(_matherr.c)
004120b0*      __imath2err_
004120f0*      __amath1err_
00412120*      __amath2err_
00412150       __math2err_
00412260       __math1err_
00412270*      __zmath2err_
004122d0*      __qmath2err_
Module: C:\WATCOM/lib386\math387r.lib(math87e.c)
00412336       __math87_err_
Module: C:\WATCOM/lib386/nt\clib3r.lib(8087cw.c)
00417004       __8087cw
Module: C:\WATCOM/lib386/nt\clib3r.lib(save8087.c)
00417008       ___Save8087
0041700c       ___Rest8087
Module: C:\WATCOM/lib386/nt\clib3r.lib(init8087)
004123b4       __x87id
Module: C:\WATCOM/lib386/nt\clib3r.lib(mbconv.c)
004123f0       _mbvtop_
Module: C:\WATCOM/lib386/nt\clib3r.lib(amblksiz.c)
00417010       __amblksiz
Module: C:\WATCOM/lib386/nt\clib3r.lib(heapen.c)
00412410*      _heapenable_
00417014       ___heap_enabled
Module: C:\WATCOM/lib386/nt\clib3r.lib(nheapmin.c)
00412440       _nheapshrink_
00412440*      _nheapmin_
00412440*      _heapmin_
00412440       _heapshrink_
Module: C:\WATCOM/lib386/nt\clib3r.lib(locmktim.c)
00412530       __local_mktime_
Module: C:\WATCOM/lib386/nt\clib3r.lib(gmtime.c)
004126b0       __brktime_
004127b0+      _gmtime_
004127d0*      gmtime_
Module: C:\WATCOM/lib386/nt\clib3r.lib(tzset.c)
00417018       ___start_dst
0041703c       ___end_dst
00417164*      _tzname
0041716c       _timezone
00417170       _daylight
00417174       ___dst_adjust
00412840*      __DontCacheOSTZ_
00412850*      __CacheOSTZ_
00412d30+      __parse_tz_
00413120       tzset_
Module: C:\WATCOM/lib386/nt\clib3r.lib(timeutil.c)
00413290       __isindst_
Module: C:\WATCOM/lib386/nt\clib3r.lib(mbclen.c)
004135c0       _mbclen_
Module: C:\WATCOM/lib386/nt\clib3r.lib(mbccmp.c)
004135f0       _mbccmp_
Module: C:\WATCOM/lib386/nt\clib3r.lib(mbinit.c)
00413665       __mbinit_
0041717c       ___MBCodePage
Module: C:\WATCOM/lib386/nt\clib3r.lib(initargv.c)
00413760       __Init_Argv_
004137b0+      _getargv_
00413950       __Fini_Argv_
Module: C:\WATCOM/lib386/nt\clib3r.lib(trdalloc.c)
00413960       __FiniThreadProcessing_
Module: C:\WATCOM/lib386/nt\clib3r.lib(thredwnt.c)
00413a20       __CBeginThread_
00413ac0       __CEndThread_
Module: C:\WATCOM/lib386/nt\clib3r.lib(strtol.c)
00413d20*      strtoul_
00413d30       strtol_
Module: C:\WATCOM/lib386/nt\clib3r.lib(putenv.c)
00413d40       putenv_
00413fd0       __putenv_
Module: C:\WATCOM/lib386/nt\clib3r.lib(fclose.c)
00414140+      __doclose_
004141e0       __shutdown_stream_
00414200*      fclose_
004190e8+      ___RmTmpFileFn
Module: C:\WATCOM/lib386/nt\clib3r.lib(freefp.c)
00414250       __freefp_
004142a0       __purgefp_
Module: C:\WATCOM/lib386/nt\clib3r.lib(leapyear.c)
004142d0       __leapyear_
00416140       ___diyr
0041615a       ___dilyr
Module: C:\WATCOM/lib386/nt\clib3r.lib(wcstombs.c)
00414310       wcstombs_
Module: C:\WATCOM/lib386/nt\clib3r.lib(histsplt.c)
004190ec       ___historical_splitparms
Module: C:\WATCOM/lib386/nt\clib3r.lib(mbslen.c)
004143b0       _mbslen_
Module: C:\WATCOM/lib386/nt\clib3r.lib(mbstowcs.c)
004143e0       mbstowcs_
Module: C:\WATCOM/lib386/nt\clib3r.lib(uputenv.c)
00414460*      _wputenv_
00414680       __wputenv_
Module: C:\WATCOM/lib386/nt\clib3r.lib(flush.c)
00414780       __flush_
Module: C:\WATCOM/lib386/nt\clib3r.lib(wctomb.c)
00414880       wctomb_
Module: C:\WATCOM/lib386/nt\clib3r.lib(mbtowc.c)
004148c0       mbtowc_
Module: C:\WATCOM/lib386/nt\clib3r.lib(ustrchr.c)
00414950       wcschr_
Module: C:\WATCOM/lib386/nt\clib3r.lib(setenvar.c)
00414970       __lib_SetEnvironmentVariableW_
Module: C:\WATCOM/lib386/nt\clib3r.lib(crtwenv.c)
00414a60       __create_wide_environment_
Module: C:\WATCOM/lib386/nt\clib3r.lib(utoupper.c)
00414ac8       towupper_
Module: C:\WATCOM/lib386/nt\clib3r.lib(fsync.c)
00414ae0       fsync_
Module: C:\WATCOM/lib386/nt\clib3r.lib(qwrit.c)
00414b30       __qwrite_


                        +----------------------+
                        |   Imported Symbols   |
                        +----------------------+

Symbol                              Module
======                              ======

_GetEnvironmentStringsA@0           KERNEL32.DLL
_GetVersion@0                       KERNEL32.DLL
_GetModuleFileNameA@12              KERNEL32.DLL
_GetCommandLineA@0                  KERNEL32.DLL
_GetCommandLineW@0                  KERNEL32.DLL
_FreeEnvironmentStringsA@4          KERNEL32.DLL
_GetModuleHandleA@4                 KERNEL32.DLL
_ExitProcess@4                      KERNEL32.DLL
_RtlUnwind@16                       KERNEL32.DLL
_GetFullPathNameA@16                KERNEL32.DLL
_GetFileType@4                      KERNEL32.DLL
_GetFileInformationByHandle@8       KERNEL32.DLL
_GetFileTime@16                     KERNEL32.DLL
_GetFileSize@8                      KERNEL32.DLL
_CreateFileA@28                     KERNEL32.DLL
_CloseHandle@4                      KERNEL32.DLL
_GetLastError@0                     KERNEL32.DLL
_GetDriveTypeA@4                    KERNEL32.DLL
_FindFirstFileA@8                   KERNEL32.DLL
_FindClose@4                        KERNEL32.DLL
_GetCurrentThreadId@0               KERNEL32.DLL
_SetStdHandle@8                     KERNEL32.DLL
_CreateEventA@16                    KERNEL32.DLL
_GetStdHandle@4                     KERNEL32.DLL
_GetModuleFileNameW@12              KERNEL32.DLL
_MultiByteToWideChar@24             KERNEL32.DLL
_LoadLibraryA@4                     KERNEL32.DLL
_GetProcAddress@8                   KERNEL32.DLL
_WriteFile@20                       KERNEL32.DLL
_SetUnhandledExceptionFilter@4      KERNEL32.DLL
_UnhandledExceptionFilter@4         KERNEL32.DLL
_VirtualQuery@12                    KERNEL32.DLL
_MessageBoxA@16                     USER32.DLL
_GetFileAttributesA@4               KERNEL32.DLL
_GetCurrentDirectoryA@8             KERNEL32.DLL
_FileTimeToLocalFileTime@8          KERNEL32.DLL
_FileTimeToDosDateTime@12           KERNEL32.DLL
_DosDateTimeToFileTime@12           KERNEL32.DLL
_LocalFileTimeToFileTime@8          KERNEL32.DLL
_FindNextFileA@8                    KERNEL32.DLL
_FormatMessageA@28                  KERNEL32.DLL
_SetFilePointer@16                  KERNEL32.DLL
_DeleteFileA@4                      KERNEL32.DLL
_SetEndOfFile@4                     KERNEL32.DLL
_ReadFile@20                        KERNEL32.DLL
_SetConsoleCtrlHandler@8            KERNEL32.DLL
_TlsGetValue@4                      KERNEL32.DLL
_TlsSetValue@8                      KERNEL32.DLL
_CharUpperA@4                       USER32.DLL
_VirtualAlloc@16                    KERNEL32.DLL
_InitializeCriticalSection@4        KERNEL32.DLL
_DeleteCriticalSection@4            KERNEL32.DLL
_LeaveCriticalSection@4             KERNEL32.DLL
_EnterCriticalSection@4             KERNEL32.DLL
_SetLastError@4                     KERNEL32.DLL
_TlsAlloc@0                         KERNEL32.DLL
_TlsFree@4                          KERNEL32.DLL
_VirtualFree@12                     KERNEL32.DLL
_GetTimeZoneInformation@4           KERNEL32.DLL
_GetACP@0                           KERNEL32.DLL
_GetOEMCP@0                         KERNEL32.DLL
_GetCPInfo@8                        KERNEL32.DLL
_CreateThread@24                    KERNEL32.DLL
_ResumeThread@4                     KERNEL32.DLL
_ExitThread@4                       KERNEL32.DLL
_SetEnvironmentVariableA@8          KERNEL32.DLL
_WideCharToMultiByte@32             KERNEL32.DLL
_SetEnvironmentVariableW@8          KERNEL32.DLL
_FlushFileBuffers@4                 KERNEL32.DLL


                        +--------------------+
                        |   Libraries Used   |
                        +--------------------+

C:\WATCOM/lib386/nt\kernel32.lib
C:\WATCOM/lib386/nt\user32.lib
C:\WATCOM/lib386/nt\flib7.lib
C:\WATCOM/lib386\math387r.lib
C:\WATCOM/lib386/nt\clib3r.lib
C:\WATCOM/lib386/nt\emu387.lib


                        +-----------------------+
                        |   Linker Statistics   |
                        +-----------------------+

Stack size:  00010000 (65536.)
Memory size:  00027624 (161316.)
Entry point address: 00401df6
Link time: 00:00.52
