Open Watcom Linker Version 1.9
Portions Copyright (c) 1985-2002 Sybase, Inc. All Rights Reserved.
Created on:       12/12/13 17:38:16
Executable Image: Lista5Ex4.exe
creating a Windows NT character-mode executable


                        +------------+
                        |   Groups   |
                        +------------+

Group                           Address              Size
=====                           =======              ====

.idata                          00414000             00000786
DGROUP                          00415000             000130f0



                        +--------------+
                        |   Segments   |
                        +--------------+

Segment                Class          Group          Address         Size
=======                =====          =====          =======         ====

BEGTEXT                CODE           AUTO           00401000        00000007
_TEXT                  CODE           AUTO           00401010        00012c80
TRANSFER CODE          CODE           AUTO           00413c90        0000019e
.idata                 .idata         .idata         00414000        00000786
_NULL                  BEGDATA        DGROUP         00415000        00000004
_AFTERNULL             BEGDATA        DGROUP         00415004        00000000
CONST                  DATA           DGROUP         00415010        000000d0
_DATA                  DATA           DGROUP         004150e0        00001064
CONST2                 DATA           DGROUP         00416144        00000000
XIB                    DATA           DGROUP         00416144        00000000
XI                     DATA           DGROUP         00416144        0000004e
XIE                    DATA           DGROUP         00416192        00000000
YIB                    DATA           DGROUP         00416192        00000000
YI                     DATA           DGROUP         00416192        00000030
YIE                    DATA           DGROUP         004161c2        00000000
TIB                    DATA           DGROUP         004161c2        00000000
TI                     DATA           DGROUP         004161c2        00000000
TIE                    DATA           DGROUP         004161c2        00000000
DATA                   DATA           DGROUP         004161c2        00000000
DATA32                 DATA           DGROUP         004161c4        0000011c
CONST32                CONST          DGROUP         00417000        00000000
_BSS                   BSS            DGROUP         00417000        000010f0
BSS32                  BSS            DGROUP         004180f0        00000000
STACK                  STACK          DGROUP         004180f0        00010000


                        +----------------+
                        |   Memory Map   |
                        +----------------+

* = unreferenced symbol
+ = symbol only referenced locally

Address        Symbol
=======        ======

Module: Lista5Ex4.obj(C:\WATCOM\src\fortran\TCC00162\Lista5Ex4.for)
00401010       FMAIN
Module: C:\WATCOM/lib386/nt\flib7.lib(setunit.c)
00401100       RT@SetUnit
Module: C:\WATCOM/lib386/nt\flib7.lib(setfile.c)
00401140       RT@SetFile
Module: C:\WATCOM/lib386/nt\flib7.lib(exopen.c)
00401890       RT@IOOpen
004150f0+      _AccModTab
00415100+      _FormTab
0041510c+      _OpStatTab
00415120+      _BlnkTab
0041512c+      _RecFmTab
0041513c+      _CCtrlTab
00415148+      _ActionTab
00415158+      _ShareTab
Module: C:\WATCOM/lib386/nt\flib7.lib(setfmt.c)
004018b0       RT@SetFmt
Module: C:\WATCOM/lib386/nt\flib7.lib(cowrite)
004018d0       RT@IOWrite
004018df*      RT@OutLOG1
004018f1*      RT@OutLOG4
004018ff*      RT@OutINT1
00401911*      RT@OutINT2
00401921*      RT@OutINT4
00401930       RT@OutREAL
00401940*      RT@OutDBLE
00401950*      RT@OutXTND
00401960*      RT@OutCPLX
00401976*      RT@OutDBCX
0040198c*      RT@OutXTCX
004019a2*      RT@OutCHAR
004019a7*      RT@OutSTR
004019ac*      RT@PrtArr
004019b1*      RT@PrtChArr
Module: C:\WATCOM/lib386/nt\flib7.lib(cortns)
00415170*      _FRT_SaveESP
004019c1*      SwitchToGen
004019df       SwitchToRT
004019fd       RdWrCommon
00401aa1       IOType_
00401abf       IOChar
00401ada       IOStr
00401aef       IOArr
00401b0a       IOChArr
00401b2c       RT@EndIO
Module: C:\WATCOM/lib386/nt\flib7.lib(setstat.c)
00401b40       RT@SetStat
Module: C:\WATCOM/lib386/nt\flib7.lib(exclose.c)
00401c50       RT@IOClose
Module: C:\WATCOM/lib386/nt\clib3r.lib(cstrtwnt)
00401c66       _cstart_
00401c66*      mainCRTStartup
Module: C:\WATCOM/lib386/nt\clib3r.lib(_8087)
004151a0       __8087
004151a1       __real87
Module: C:\WATCOM/lib386/nt\emu387.lib(386)
00401cc4       __init_387_emulator
00401cc5*      __fini_387_emulator
Module: C:\WATCOM/lib386/nt\flib7.lib(initeng.c)
00417000       __init_english
Module: C:\WATCOM/lib386/nt\flib7.lib(initerr.c)
00417004       __init_error
Module: C:\WATCOM/lib386/nt\flib7.lib(setiocb.c)
00401cd0       RT@SetIOCB
Module: C:\WATCOM/lib386/nt\flib7.lib(rdata.c)
00417010       _IORslt
00417020       _FmtBuff
00417024*      _Fmt_revert
00417028*      _Fmt_start
0041702c*      _Fmt_paren_level
00417030*      _Fmt_charptr
00417034*      _FmtEmStruct
00417038       _IOTypeRtn
0041703c*      _Fmt_end
00417040*      _Fmt_rep_spec
00417044       _FmtRoutine
00417048       _IOCB
0041704c       _Files
00417050*      _Fmt_delimited
Module: C:\WATCOM/lib386/nt\flib7.lib(rtutls.c)
00401d80       FindFtnFile_
00401e70       RChkAlloc_
00401ea0       F_Connect_
00401f20       ConnectFile_
00401f30       GetFileInfo_
00402020       DiscoFile_
00402090*      ChkFileName_
004020c0+      ChkLogFile_
00402100       ChkIOOperation_
00402140       GetIOErr_
00402150       ChkIOErr_
00402170       ChkUnitId_
004021b0*      ChkConnected_
004021d0       SetEOF_
00402200       ClearEOF_
00402240       SysEOF_
00402270       IsFixed_
00402280       IsCarriage_
00402290*      ChkRecordStructure_
004022c0*      ChkSequential_
004022e0*      ChkExist_
00402310       StrItem_
Module: C:\WATCOM/lib386/nt\flib7.lib(exutil.c)
00402390       FindKWord_
00402420*      ClrBuff_
004151a4       _SpecId
Module: C:\WATCOM/lib386/nt\flib7.lib(ioerr.c)
00402470       IOErr_
Module: C:\WATCOM/lib386/nt\flib7.lib(rtsysutl.c)
00402500       GetSysIOInfo_
00402520       GetSysFileInfo_
00402550       IsDevice_
00402720       OpenAction_
00402760*      DfltRecType_
00402780+      _FileAttrs_
00402840       CloseFile_
004028b0       Scrtched_
004028d0       CloseDeleteFile_
00402920       Errf_
00402940       FPutBuff_
004029b0       FGetBuff_
00402a00       SeekFile_
00402a20       NoEOF_
00402a30       SysClearEOF_
00402a40       SameFile_
00402a50*      Rewindf_
00402a70       SysCreateFile_
00402ab0*      CheckLogicalRecord_
00402ad0       SkipLogicalRecord_
00402af0*      BackSpacef_
00402b20*      EndFilef_
00402b60       GetIOErrMsg_
00402ba0       ReportNExist_
00402bc0       ReportEOF_
00402bd0*      WaitForEnter_
Module: C:\WATCOM/lib386/nt\flib7.lib(runmain.c)
00402be0*      __InitUnit6CC_
00402bf0       __DevicesCC_
00402c00*      __InitAllowCommaSeparator_
00402c10       __AllowCommaSep_
00402c20+      _InitIO_
00402c90+      CloseAllFiles_
00402cd0*      _FiniEx_
00402cd0       RunExit_
00402d10       RunEntry_
Module: C:\WATCOM/lib386/nt\flib7.lib(rdwr.c)
00402d40       DoOpen_
00402d70+      _AllocBuffer_
00402db0       IOPrologue_
00402ff0       UpdateRecNum_
Module: C:\WATCOM/lib386/nt\flib7.lib(iomain.c)
00403030       __ReleaseIOSys_
00403050       IOMain_
Module: C:\WATCOM/lib386/nt\flib7.lib(rfmtexec.c)
00403b30       R_FExec_
Module: C:\WATCOM/lib386/nt\flib7.lib(exwrite.c)
00403bd0       DoWrite_
Module: C:\WATCOM/lib386/nt\clib3r.lib(crwdata)
00415214       __osmajor
00415215       __osminor
00415216       __osbuild
00415218       __osver
0041521c       __winmajor
00415220       __winminor
00415224       __winver
004151e0       __LpDllName
004151e4       __LpwCmdLine
004151e8       __LpwPgmName
004151ec       __LpwDllName
004151d8       __LpCmdLine
004151dc       __LpPgmName
004151d0*      __dynend
004151d4       __curbrk
004151f0*      __STACKLOW
004151f4       __STACKTOP
004151f8       __ASTACKSIZ
004151fc       __ASTACKPTR
00415200*      __cbyte
00415204*      __cbyte2
00415208*      __child
0041520e       __Envptr
00415212*      __Envseg
0041520c       __no87
00415228       ___FPE_handler
Module: C:\WATCOM/lib386/nt\flib7.lib(thrdutil.c)
00403c60*      __InitMultiThreadIO_
00415230       ___SwitchStkLow
Module: C:\WATCOM/lib386/nt\clib3r.lib(main2wnt.c)
00403c70       __NTMain
Module: C:\WATCOM/lib386/nt\clib3r.lib(segdefns)
00401003       ___begtext
00415000*      __nullarea
00416144       __Start_XI
00416192       __End_XI
00416192       __Start_YI
004161c2       __End_YI
Module: C:\WATCOM/lib386/nt\clib3r.lib(chk8087.c)
00403cf0*      _fpreset_
00403d30       __chk8087_
00403d40*      __init_8087_
Module: C:\WATCOM/lib386/nt\flib7.lib(english.c)
00403d90       __UseEnglishCharSet_
Module: C:\WATCOM/lib386/nt\flib7.lib(errincl.c)
00403ea0       __InitError_
00415234+      _PGroupTable
00415238+      _PErrWord
Module: C:\WATCOM/lib386/nt\flib7.lib(rtinit.c)
0041523c       ___FAppType
00415240       __ExceptionInit
00415244       __ExceptionFini
00403ed0*      __InitFThreadData_
00403f10+      RTSysFini_
00403f20       RTSysInit_
0041524c       __AccessFIO
00415250       __ReleaseFIO
00415254       __PartialReleaseFIO
00417058       ___FThreadDataOffset
00416162*      ___fthread_data_size
Module: C:\WATCOM/lib386/nt\clib3r.lib(mainwnt.c)
00415258       ___TlsIndex
0041525c       ___FirstThreadData
00415260       ___GetThreadPtr
00415264       __AccessFileH
00415268       __ReleaseFileH
0041526c       __AccessIOB
00415270       __ReleaseIOB
00415274       __AccessNHeap
00415278       __AccessFHeap
0041527c       __ReleaseNHeap
00403f90*      __threadid_
00403fb0+      __sig_null_rtn_
00403fc0+      __NTInit_
004041a0+      __NTFini_
00404200       __NTMainInit_
00404260       __exit_
00415280       __ReleaseFHeap
00415284       __AccessTDList
00415288       __ReleaseTDList
0041528c       __AccessFList
00415290       __ReleaseFList
00415294       __ThreadExitRtn
00415298       ___sig_init_rtn
0041529c       ___sig_fini_rtn
004152a0       ___process_fini
00417064       ___Is_DLL
Module: C:\WATCOM/lib386/nt\flib7.lib(ioinit.c)
004042c0       IOSysInit_
Module: C:\WATCOM/lib386/nt\flib7.lib(rterr.c)
004152a8+      _TraceRoutine
00404310+      FlushStdUnit_
00404360+      WriteErr_
00404430       ErrHandler_
00404470       RTErr_
004152b4+      LG@ERR_HOOK
Module: C:\WATCOM/lib386/nt\flib7.lib(fdutil.c)
004044a0       LocFile_
004044b0       LocUnit_
004044e0       ExtractInfo_
Module: C:\WATCOM/lib386/nt\flib7.lib(rstdio.c)
00404610       _InitStandardInput_
00404640       _InitStandardOutput_
Module: C:\WATCOM/lib386/nt\flib7.lib(rmemmgr.c)
00404670       RMemAlloc_
00404680       RMemFree_
Module: C:\WATCOM/lib386/nt\clib3r.lib(memset.c)
00404690       memset_
Module: C:\WATCOM/lib386/nt\flib7.lib(deffname.c)
004152b8       _DefFName
Module: C:\WATCOM/lib386/nt\flib7.lib(stracc.c)
004046b0       TrimStr_
004046f0       GetStr_
Module: C:\WATCOM/lib386/nt\flib7.lib(spawn.c)
00404720       Spawn_
00404780       Suicide_
Module: C:\WATCOM/lib386/nt\clib3r.lib(memicmp.c)
004047c0       memicmp_
Module: C:\WATCOM/lib386/nt\flib7.lib(blderr.c)
00404880       Substitute_
00404a40       ErrCodOrg_
Module: C:\WATCOM/lib386/nt\clib3r.lib(accsswnt.c)
00404a50       access_
Module: C:\WATCOM/lib386/nt\clib3r.lib(fullpath.c)
00404a90+      _sys_fullpath_
00404b10       _fullpath_
Module: C:\WATCOM/lib386/nt\clib3r.lib(fstatwnt.c)
00404b80       fstat_
Module: C:\WATCOM/lib386/nt\flib7.lib(poserr.c)
00404ee0       Errorf_
00404f00*      EOFile_
00404f20       ErrorMsg_
00404f60       FSetTrunc_
00404f70       FSetSysErr_
00404f90       FSetErr_
00404fb0       FSetEof_
00404fd0       IOOk_
Module: C:\WATCOM/lib386/nt\clib3r.lib(statwnt.c)
004050f5       stat_
Module: C:\WATCOM/lib386/nt\flib7.lib(posopen.c)
00405330       InitStd_
004053f0       SetIOBufferSize_
00405410+      _AllocFile_
00405500       Openf_
004055f0       Closef_
Module: C:\WATCOM/lib386/nt\flib7.lib(posdat.c)
004154a8       _FStdIn
004154ac       _FStdOut
004154b0       _FStdErr
Module: C:\WATCOM/lib386/nt\flib7.lib(posflush.c)
00405670       FlushBuffer_
Module: C:\WATCOM/lib386/nt\flib7.lib(posdel.c)
00405720       Scratchf_
Module: C:\WATCOM/lib386/nt\clib3r.lib(nodefwin.c)
004154b4*      __WindowsIsWindowedHandle
004154b8*      __WindowsRemoveWindowedHandle
004154bc*      __WindowsNewWindow
004154c0*      __WindowsCloseWindow
004154c4*      __WindowsSetAbout
004154c8*      __WindowsSetAppTitle
004154cc*      __WindowsSetConTitle
004154d0*      __WindowsDestroyOnClose
004154d4*      __WindowsYieldControl
004154d8*      __WindowsShutDown
004154dc*      __WindowsStdin
004154e0       __WindowsStdout
004154e4*      __WindowsKbhit
004154e8*      __WindowsGetch
004154ec*      __WindowsGetche
004154f0*      __WindowsPutch
00405740*      _dwShutDown_
00405740*      _dwYield_
00405740*      _dwSetConTitle_
00405740*      _dwSetAppTitle_
00405740*      _dwSetAboutDlg_
00405740       _dwDeleteOnClose_
004154f4*      __WindowsExitRtn
00417680*      __init_default_win
Module: C:\WATCOM/lib386/nt\flib7.lib(posput.c)
00405750       FPutRec_
00405790       ChopFile_
004057e0*      PutRec_
00405900       writebytes_
00405980       SysWrite_
Module: C:\WATCOM/lib386/nt\flib7.lib(posget.c)
00405ac0       readbytes_
00405b90       SysRead_
00406000       FGetRec_
00406030*      GetRec_
00406050       GetStdChar_
004060a0       FCheckLogical_
00406120       FSkipLogical_
004061f0*      FGetVarRecLen_
Module: C:\WATCOM/lib386/nt\flib7.lib(posseek.c)
004062e0       FSeekRec_
00406320       CurrFileOffset_
00406320       FGetFilePos_
00406340       SysSeek_
00406530*      FSeekAbs_
Module: C:\WATCOM/lib386/nt\clib3r.lib(stricmp.c)
00406540       stricmp_
Module: C:\WATCOM/lib386/nt\flib7.lib(posrew.c)
00406580       FRewind_
Module: C:\WATCOM/lib386/nt\flib7.lib(posback.c)
004065f0       FBackspace_
Module: C:\WATCOM/lib386/nt\flib7.lib(postrunc.c)
004066d0       FTruncate_
Module: C:\WATCOM/lib386/nt\clib3r.lib(errno.c)
004066f0       __get_errno_ptr_
00406700*      __get_doserrno_ptr_
Module: C:\WATCOM/lib386/nt\flib7.lib(sdfile.c)
004154f8*      _FFCtrlSeq
004154fa*      _SkipCtrlSeq
004154fc       _NormalCtrlSeq
004154fe       _SDTermIn
00415502       _SDTermOut
00415506*      _SDPrtName
Module: C:\WATCOM/lib386/nt\flib7.lib(wrutils.c)
00406710       F_SendData_
00406770*      SendLine_
00406780       SendEOR_
00406810*      SendInt_
00406840       SendStr_
00406860+      SendWSLStr_
00406880       SendChar_
004068a0       Drop_
00406a60       IOItemResult_
Module: C:\WATCOM/lib386/nt\flib7.lib(rfmtutil.c)
00406b10       R_ChkType_
00406b40       R_NewRec_
00406b80       R_ChkIType_
00406bb0       R_ChkFType_
00406be0       R_ChkRecLen_
00406c00+      GetLen_
00406c40       R_FOStr_
00406c50*      FOString_
00406cc0       R_FIStr_
00406d80       R_FOLog_
00406dd0       R_FILog_
00406eb0       R_FIFloat_
004070a0       GetReal_
004071b0       R_FOF_
00407230       R_FOE_
00407370+      FmtH2B_
00407460       R_FIHex_
004075e0       R_FOHex_
004075f0*      FOHex_
004076f0       R_FIInt_
00407800       R_FOInt_
00407a60       R_FOG_
00407ce0+      ChkBuffLen_
Module: C:\WATCOM/lib386/nt\flib7.lib(arrayio.c)
00407da0       ArrayIOType_
Module: C:\WATCOM/lib386/nt\flib7.lib(unfmtout.c)
00407f00       UnFmtOut_
Module: C:\WATCOM/lib386/nt\flib7.lib(freeout.c)
00408350       FreeOut_
0041550c+      _OutRtn
Module: C:\WATCOM/lib386/nt\clib3r.lib(initrtns.c)
00408440       __InitRtns
00408490       __FiniRtns
Module: C:\WATCOM/lib386/nt\clib3r.lib(mthrdini.c)
004084f0       __InitThreadData_
00415540       ___ThreadDataSize
Module: C:\WATCOM/lib386/nt\clib3r.lib(cmain386.c)
00408520       __CMain
Module: C:\WATCOM/lib386/nt\clib3r.lib(dosseg)
00001234       __DOSseg__
Module: C:\WATCOM/lib386/nt\clib3r.lib(8087cw.c)
00415544       __8087cw
Module: C:\WATCOM/lib386/nt\clib3r.lib(save8087.c)
00415548       ___Save8087
0041554c       ___Rest8087
Module: C:\WATCOM/lib386/nt\clib3r.lib(init8087)
00408564       __x87id
Module: C:\WATCOM/lib386/nt\flib7.lib(csetinfo.c)
00417684       _CharSetInfo
Module: C:\WATCOM/lib386/nt\flib7.lib(errmsg.c)
004088d0       _GroupTable
00408980       _ErrWord
Module: C:\WATCOM/lib386/nt\flib7.lib(errrtns.c)
00417698       ___ErrorFini
0041769c       ___ErrorInit
004176a0       ___BldErrMsg
Module: C:\WATCOM/lib386/nt\flib7.lib(rttraps.c)
004090a0       __EnableF77RTExceptionHandling_
004090b0       R_TrapInit_
00409140       R_TrapFini_
00409150*      __InitExceptionVectors_
Module: C:\WATCOM/lib386/nt\clib3r.lib(atexit.c)
00409165       atexit_
Module: C:\WATCOM/lib386/nt\clib3r.lib(regdata.c)
004091c0       __RegisterThreadDataSize_
Module: C:\WATCOM/lib386/nt\clib3r.lib(hdlman.c)
00415550+      ___NHandles
00415554+      ___OSHandles
00415558+      ___FakeHandles
004091f0+      __growPOSIXHandles_
00409290       __allocPOSIXHandle_
00409350       __freePOSIXHandle_
00409370       __getOSHandle_
00409380       __setOSHandle_
004093d0+      __NTGetFakeHandle_
00409440       __initPOSIXHandles_
00409520*      __set_handles_
00409530*      _grow_handles_
Module: C:\WATCOM/lib386/nt\clib3r.lib(environ.c)
00417728       ___env_mask
0041772c       _environ
00417730       __wenviron
Module: C:\WATCOM/lib386/nt\clib3r.lib(getmodfn.c)
00409570       __lib_GetModuleFileNameW_
Module: C:\WATCOM/lib386/nt\clib3r.lib(strdup.c)
00409610       __clib_strdup_
Module: C:\WATCOM/lib386/nt\clib3r.lib(istable.c)
00409650       __IsTable
Module: C:\WATCOM/lib386/nt\clib3r.lib(ustrdup.c)
00409751       __clib_wcsdup_
Module: C:\WATCOM/lib386/nt\clib3r.lib(nfree.c)
00409780       _nfree_
00409780       free_
00417734       ___MiniHeapFreeRover
Module: C:\WATCOM/lib386/nt\clib3r.lib(excptwnt.c)
00409ef0+      ___ReportException@4
0040a340       __DefaultExceptionHandler_
0040a380+      ___ExceptionFilter
0040a590       __NewExceptionFilter_
0040a5c0       __DoneExceptionFilter_
00415564       ___oscode_check_func
00415568       ___raise_func
00417738*      _sw
0041773c       ___ExceptionHandled
0041773d+      ___ReportInvoked
Module: C:\WATCOM/lib386/nt\clib3r.lib(stklmwnt.c)
0040a600       __init_stack_limits_
Module: C:\WATCOM/lib386/nt\flib7.lib(errutil.c)
0040a670       BldErrCode_
0040a6d0*      MsgFormat_
0040a700*      MsgBuffer_
00415580+      _PGrpCodes
Module: C:\WATCOM/lib386/nt\clib3r.lib(enterdb.c)
0040a730       __EnterWVIDEO_
00415584       ___WD_Present
Module: C:\WATCOM/lib386/nt\flib7.lib(stdio.c)
0040a770       StdBuffer_
0040a790+      StdWrite_
0040a870       StdFlush_
0040a8a0       StdWriteNL_
Module: C:\WATCOM/lib386/nt\clib3r.lib(getenv.c)
0040a8d0       getenv_
Module: C:\WATCOM/lib386/nt\clib3r.lib(ltoa.c)
0040a960       ultoa_
0040a9b0       ltoa_
Module: C:\WATCOM/lib386/nt\clib3r.lib(nmalloc.c)
0040a9e0       _nmalloc_
0040a9e0       malloc_
00415990       ___nheapbeg
00415994       ___MiniHeapRover
00415998       ___LargestSizeB4MiniHeapRover
Module: C:\WATCOM/lib386/nt\clib3r.lib(__stos)
0040aae0       __STOSB
0040ab17*      __STOSD
Module: C:\WATCOM/lib386/nt\clib3r.lib(setjmp)
0040ab84       _setjmp_
0040abbd       longjmp_
Module: C:\WATCOM/lib386/nt\clib3r.lib(exit.c)
0040ac45+      __null_int23_exit_
0040ac46       exit_
0040ac96*      _exit_
0041599c+      ___int23_exit
004159a0+      ___FPE_handler_exit
Module: C:\WATCOM/lib386/nt\clib3r.lib(memmove.c)
0040acb0       memmove_
Module: C:\WATCOM/lib386/nt\clib3r.lib(itoa.c)
0040ad10       utoa_
0040ad60       itoa_
Module: C:\WATCOM/lib386/nt\clib3r.lib(fgtattr.c)
0040ad90       __fixed_GetFileAttributesA_
Module: C:\WATCOM/lib386/nt\clib3r.lib(dosret.c)
0040ae30*      _dosretax_
0040ae40*      _dosret0_
0040ae50       __set_errno_dos_
0040ae80*      __set_errno_dos_reterr_
0040ae90       __set_errno_nt_
0040aea0*      __set_errno_nt_reterr_
Module: C:\WATCOM/lib386/nt\clib3r.lib(seterrno.c)
0040aeb4       __set_errno_
0040aec2*      __set_EDOM_
0040aed0       __set_ERANGE_
0040aede*      __set_EINVAL_
0040aef1       __set_doserrno_
Module: C:\WATCOM/lib386/nt\clib3r.lib(gtcwdwnt.c)
0040af00       getcwd_
Module: C:\WATCOM/lib386/nt\clib3r.lib(iomode.c)
0040af90       __GetIOMode_
0040afb0       __SetIOMode_nogrow_
00415aa8       ___NFiles
00415aac       ___init_mode
00415afc       ___io_mode
Module: C:\WATCOM/lib386/nt\clib3r.lib(iomodtty.c)
0040afd0       __ChkTTYIOMode_
0040b010       __IOMode_
Module: C:\WATCOM/lib386/nt\clib3r.lib(ntdirinf.c)
0040b030       __MakeDOSDT_
0040b060*      __FromDOSDT_
0040b090*      __GetNTDirInfo_
0040b0d0*      __NTFindNextFileWithAttr_
Module: C:\WATCOM/lib386/nt\clib3r.lib(d2ttime.c)
0040b130       _d2ttime_
Module: C:\WATCOM/lib386/nt\clib3r.lib(strerror.c)
0040b4d0       strerror_
0040b4f0*      _strerror_
0040b5c0*      _doserror_
00415b00+      __sys_errlist
00415ba4+      __sys_nerr
Module: C:\WATCOM/lib386/nt\clib3r.lib(_strcmp)
0040b5f0       strcmp_
Module: C:\WATCOM/lib386/nt\clib3r.lib(mbspbrk.c)
0040b730       _mbspbrk_
Module: C:\WATCOM/lib386/nt\clib3r.lib(mbsinc.c)
0040b780       _mbsinc_
Module: C:\WATCOM/lib386/nt\clib3r.lib(tolower.c)
0040b7b0       tolower_
Module: C:\WATCOM/lib386/nt\clib3r.lib(stiomode.c)
0040b7c0       __grow_iomode_
0040b890+      __shrink_iomode_
0040b8d0       __SetIOMode_
Module: C:\WATCOM/lib386/nt\clib3r.lib(close.c)
0040b940       close_
Module: C:\WATCOM/lib386/nt\clib3r.lib(openwnt.c)
0040bb60*      open_
0040bb80       sopen_
Module: C:\WATCOM/lib386/nt\clib3r.lib(lseek.c)
0040bbb0       lseek_
Module: C:\WATCOM/lib386/nt\flib7.lib(poscc.c)
0040bc00*      __LineFeedWithFormFeed_
0040bc10       FSetCC_
Module: C:\WATCOM/lib386/nt\clib3r.lib(write.c)
0040bec0       write_
Module: C:\WATCOM/lib386/nt\clib3r.lib(unlnkwnt.c)
0040c120       unlink_
Module: C:\WATCOM/lib386/nt\clib3r.lib(chsizwnt.c)
0040c1a0       chsize_
Module: C:\WATCOM/lib386/nt\clib3r.lib(read.c)
0040c290       read_
Module: C:\WATCOM/lib386/nt\flib7.lib(ifile.c)
0040c420       SendIFBuff_
0040c450       NextIFBuff_
Module: C:\WATCOM/lib386/nt\flib7.lib(cctrl.c)
0040c480       CheckCCtrl_
Module: C:\WATCOM/lib386/nt\flib7.lib(rdutils.c)
0040c4f0       NextRec_
Module: C:\WATCOM/lib386/nt\flib7.lib(undefcg.c)
0040c690       OutLogCG_
0040c6a0       OutIntCG_
0040c6e0+      FmtRealCG_
0040c710+      FmtDoubleCG_
0040c740+      FmtExtendedCG_
0040c770+      UndefIntCG_
0040c770+      UndefLogCG_
0040c770+      UndefExtendedCG_
0040c770+      UndefDoubleCG_
0040c770+      UndefRealCG_
0040c780+      GetRealCG_
00415bb0       _FmtRealRtn
00415bb4       _FmtDoubleRtn
00415bb8       _FmtExtendedRtn
00415bbc       _SendStrRtn
00415bc0       _UndefRealRtn
00415bc4       _UndefDoubleRtn
00415bc8       _UndefExtendedRtn
00415bcc       _UndefLogRtn
00415bd0       _UndefIntRtn
00415bd4       _GetRealRtn
Module: C:\WATCOM/lib386/nt\flib7.lib(rfmtlog.c)
0040c7a0       R_FmtLog_
Module: C:\WATCOM/lib386/nt\clib3r.lib(toupper.c)
0040c7d0       toupper_
Module: C:\WATCOM/lib386/nt\flib7.lib(fmtcnvt.c)
0040c7e0       FmtS2I_
0040c910       FmtS2F_
Module: C:\WATCOM/lib386/nt\flib7.lib(fmtrtns.c)
0040cce0       R_F2E_
0040ce50       R_F2F_
0040cfe0       SetMaxPrec_
Module: C:\WATCOM/lib386/nt\flib7.lib(flt86.c)
0040cff0       _P1d100
0040cff8       _P1d_99
Module: C:\WATCOM/lib386\math387r.lib(pow87)
0040d159*      pow_
0040d000       IF@DPOW
0040d000*      IF@POW
Module: C:\WATCOM/lib386/nt\flib7.lib(hexcnv.c)
0040d180       Hex_
0040d1a0*      HSToB_
0040d210       BToHS_
Module: C:\WATCOM/lib386/nt\clib3r.lib(strupr.c)
0040d260       strupr_
Module: C:\WATCOM/lib386/nt\flib7.lib(unfmtutl.c)
0040d280       _SizeVars
Module: C:\WATCOM/lib386/nt\clib3r.lib(cinit.c)
0040d290       __CommonInit_
Module: C:\WATCOM/lib386/nt\clib3r.lib(___argc.c)
00417848       ____Argc
0041784c       ____Argv
Module: C:\WATCOM/lib386/nt\flib7.lib(rtmain.c)
0040d2a0       main_
Module: C:\WATCOM/lib386/nt\clib3r.lib(signlwnt.c)
00415bd8+      __SignalTable
0040d2c0+      __SetSignalFunc_
0040d310+      __GetSignalFunc_
0040d340+      __GetSignalOSCode_
0040d370+      __CheckSignalExCode_
0040d4b0+      __sigabort_
0040d4c0       __sigfpe_handler_
0040d510       signal_
0040d5a0+      raise_
0040d610+      __SigInit_
0040d660+      __SigFini_
0040d6a0+      __sig_init_
Module: C:\WATCOM/lib386/nt\flib7.lib(fptraps.c)
0040d780*      __MaskDefaultFPE_
0040d7a0       FPTrapInit_
0040d7d0       FPTrapFini_
Module: C:\WATCOM/lib386/nt\clib3r.lib(trdlist.c)
0040d840       __GetThreadData_
0040d890       __ReallocThreadData_
0040d980       __AddThreadData_
0040da00       __RemoveThreadData_
0040da60       __ResizeThreadDataList_
0040da90       __FreeThreadDataList_
0040dac0*      __ActiveThreads_
Module: C:\WATCOM/lib386/nt\clib3r.lib(nrealloc.c)
0040dae0*      _nrealloc_
0040dae0       realloc_
Module: C:\WATCOM/lib386/nt\clib3r.lib(setenvp.c)
0040db60       __setenvp_
0040dc20       __freeenvp_
Module: C:\WATCOM/lib386/nt\clib3r.lib(ustrlen.c)
0040dc6d       wcslen_
Module: C:\WATCOM/lib386/nt\clib3r.lib(memcpy.c)
0040dc80       memcpy_
Module: C:\WATCOM/lib386/nt\clib3r.lib(mem.c)
0040dca0       __MemAllocator
0040dd50       __MemFree
Module: C:\WATCOM/lib386/nt\clib3r.lib(conutwnt.c)
0040dea0*      __NTRealKey_
0040df50*      __NTConsoleInput_
0040df60       __NTConsoleOutput_
Module: C:\WATCOM/lib386/nt\clib3r.lib(fclex387.c)
0040df70       _ClearFPE_
Module: C:\WATCOM/lib386/nt\flib7.lib(errgrp.c)
0040df80       _GrpCodes
Module: C:\WATCOM/lib386/nt\clib3r.lib(iob.c)
00415c4c       ___iob
00415e54       __fmode
00417858       ___OpenStreams
0041785c       ___ClosedStreams
Module: C:\WATCOM/lib386/nt\clib3r.lib(setmd.c)
0040e010       setmode_
Module: C:\WATCOM/lib386/nt\clib3r.lib(mbterm.c)
0040e100       _mbterm_
Module: C:\WATCOM/lib386/nt\clib3r.lib(mbsnextc.c)
0040e140       _mbsnextc_
Module: C:\WATCOM/lib386/nt\clib3r.lib(mbcupper.c)
0040e180       _mbctoupper_
Module: C:\WATCOM/lib386/nt\clib3r.lib(alphabet.c)
0041507c       ___Alphabet
Module: C:\WATCOM/lib386/nt\clib3r.lib(nmemneed.c)
0040e1b0       __nmemneed_
Module: C:\WATCOM/lib386/nt\clib3r.lib(grownear.c)
0040e320       __ExpandDGROUP_
Module: C:\WATCOM/lib386/nt\clib3r.lib(ljmphdl.c)
00415e58       ___longjmp_handler
Module: C:\WATCOM/lib386/nt\clib3r.lib(isattwnt.c)
0040e350       isatty_
Module: C:\WATCOM/lib386/nt\clib3r.lib(strncpy.c)
0040e370       strncpy_
Module: C:\WATCOM/lib386/nt\clib3r.lib(mktime.c)
0040e3b0       mktime_
Module: C:\WATCOM/lib386/nt\clib3r.lib(mbschr.c)
0040e440       _mbschr_
Module: C:\WATCOM/lib386/nt\clib3r.lib(mbisdbcs.c)
00417860       ___IsDBCS
Module: C:\WATCOM/lib386/nt\clib3r.lib(mbislead.c)
0040e4a0*      _ismbblead_
00417864       ___MBCSIsTable
Module: C:\WATCOM/lib386/nt\clib3r.lib(_clsewnt.c)
0040e4c0       __close_
Module: C:\WATCOM/lib386/nt\clib3r.lib(ntfio.c)
0040e520*      __GetNTCreateAttr_
0040e560       __GetNTAccessAttr_
0040e590       __GetNTShareAttr_
Module: C:\WATCOM/lib386/nt\clib3r.lib(umaskval.c)
00415e5c       ___umaskval
Module: C:\WATCOM/lib386/nt\clib3r.lib(__lseek.c)
0040e5f0       __lseek_
Module: C:\WATCOM/lib386/nt\clib3r.lib(stackwnt.c)
0040e630       stackavail_
Module: C:\WATCOM/lib386/nt\clib3r.lib(stk)
0040e641*      __CHK
0040e651*      __STK
0040e670       __STKOVERFLOW_
0040e680*      __GRO
0040e6a0*      __alloca_probe
Module: C:\WATCOM/lib386/nt\flib7.lib(expchk.c)
0040e6c0       ToFFormat_
Module: C:\WATCOM/lib386/nt\flib7.lib(chrutils.c)
0040e710       JmpBlanks_
Module: C:\WATCOM/lib386/nt\flib7.lib(intarith.c)
0040e730       AddIOFlo_
0040e740*      SubIOFlo_
0040e750       MulIOFlo_
Module: C:\WATCOM/lib386\math387r.lib(strtod.c)
0040ec73+      __Strtold_
0040edda       strtod_
Module: C:\WATCOM/lib386\math387r.lib(ldcvt.c)
0040effd       _LDScale10x_
0040f5a4       __LDcvt_
Module: C:\WATCOM/lib386/nt\clib3r.lib(chipvar)
00415f18       ___chipbug
00415f18       __chipbug
Module: C:\WATCOM/lib386\math387r.lib(pow87e.c)
0040f9f4       __pow87_err_
Module: C:\WATCOM/lib386\math387r.lib(exp87)
0040fae3*      exp_
0040fa7c*      __@DEXP1
0040fa84*      IF@EXP
0040fa84*      IF@DEXP
0040fa86       __@DEXP
Module: C:\WATCOM/lib386/nt\clib3r.lib(chipd32.asm)
0040fc07       __fdiv_fpr
004100c9*      __fdiv_chk
004100dc*      __fdiv_m32
00410129*      __fdiv_m64
00410176*      __fdiv_m32r
004101c3*      __fdiv_m64r
Module: C:\WATCOM/lib386/nt\clib3r.lib(argcv.c)
00417968       __argc
0041796c       __argv
00417970       ___argv
00417974       ___argc
Module: C:\WATCOM/lib386/nt\clib3r.lib(abort.c)
00410225*      abort_
00410237       __terminate_
00415f2c       ___abort
Module: C:\WATCOM/lib386/nt\clib3r.lib(cntrl87.c)
00410250       _control87_
Module: C:\WATCOM/lib386/nt\clib3r.lib(mthread.c)
00410430+      __CloseSemaphore_
00410470+      __AccessIOB_
00410480+      __ReleaseIOB_
00410490+      __AccessFileH_
004104a0+      __ReleaseFileH_
004104b0+      __AccessNHeap_
004104c0+      __ReleaseNHeap_
004104d0+      __AccessFHeap_
004104e0+      __ReleaseFHeap_
004104f0+      __AccessTDList_
00410500+      __ReleaseTDList_
00410510+      __AccessFList_
00410520+      __AccessSemaphore_
00410580+      __ReleaseFList_
00410590+      __ReleaseSemaphore_
004105c0+      __MultipleThread_
00410610+      __AllocInitThreadData_
00410660*      __FreeInitThreadData_
00410670       __NTThreadInit_
004106e0       __NTAddThread_
00410730       __NTRemoveThread_
004107c0       __InitMultipleThread_
00415f30+      ___AccessSema4
00415f34+      ___ReleaseSema4
00415f38+      ___CloseSema4
Module: C:\WATCOM/lib386/nt\clib3r.lib(xmsgwnt.c)
00410980+      __exit_with_msg_
004109e0       __fatal_runtime_error_
Module: C:\WATCOM/lib386/nt\clib3r.lib(calloc.c)
00410a00       calloc_
Module: C:\WATCOM/lib386/nt\clib3r.lib(register.c)
00410a30       __initthread_
00410a40*      _beginthread_
00410a50       _endthread_
00410a60*      __RegisterThreadData_
Module: C:\WATCOM/lib386/nt\clib3r.lib(nmsize.c)
00410ab0       _nmsize_
00410ab0*      _msize_
Module: C:\WATCOM/lib386/nt\clib3r.lib(nexpand.c)
00410ac0       _nexpand_
00410ac0*      _expand_
00410b00+      __HeapManager_expand_
Module: C:\WATCOM/lib386/nt\clib3r.lib(dofilstr.c)
00410ce0       __ParsePosixHandleStr_
Module: C:\WATCOM/lib386/nt\clib3r.lib(clearenv.c)
00410e00       clearenv_
Module: C:\WATCOM/lib386/nt\clib3r.lib(initfile.c)
00410ec0       __InitFiles_
Module: C:\WATCOM/lib386/nt\clib3r.lib(ioexit.c)
00410fc0*      fcloseall_
00410fd0       __full_io_exit_
Module: C:\WATCOM/lib386/nt\clib3r.lib(mbconv.c)
00410fe0       _mbvtop_
Module: C:\WATCOM/lib386/nt\clib3r.lib(amblksiz.c)
00415f48       __amblksiz
Module: C:\WATCOM/lib386/nt\clib3r.lib(heapen.c)
00411000*      _heapenable_
00415f4c       ___heap_enabled
Module: C:\WATCOM/lib386/nt\clib3r.lib(nheapmin.c)
00411030       _nheapshrink_
00411030*      _nheapmin_
00411030*      _heapmin_
00411030       _heapshrink_
Module: C:\WATCOM/lib386/nt\clib3r.lib(locmktim.c)
00411120       __local_mktime_
Module: C:\WATCOM/lib386/nt\clib3r.lib(gmtime.c)
004112a0       __brktime_
004113a0+      _gmtime_
004113c0*      gmtime_
Module: C:\WATCOM/lib386/nt\clib3r.lib(tzset.c)
00415f50       ___start_dst
00415f74       ___end_dst
0041609c*      _tzname
004160a4       _timezone
004160a8       _daylight
004160ac       ___dst_adjust
00411430*      __DontCacheOSTZ_
00411440*      __CacheOSTZ_
00411920+      __parse_tz_
00411d10       tzset_
Module: C:\WATCOM/lib386/nt\clib3r.lib(timeutil.c)
00411e80       __isindst_
Module: C:\WATCOM/lib386/nt\clib3r.lib(mbclen.c)
004121b0       _mbclen_
Module: C:\WATCOM/lib386/nt\clib3r.lib(mbccmp.c)
004121e0       _mbccmp_
Module: C:\WATCOM/lib386/nt\clib3r.lib(mbinit.c)
00412255       __mbinit_
004160b4       ___MBCodePage
Module: C:\WATCOM/lib386\math387r.lib(bufld386)
00412344       __ZBuf2LD
Module: C:\WATCOM/lib386\math387r.lib(inf_nan.c)
004123e7*      ___f_infinity
004123eb*      ___f_posqnan
004123ef       ___d_infinity
004123f7       ___d_posqnan
004123ff*      ___ld_infinity
00412407*      ___ld_posqnan
Module: C:\WATCOM/lib386/nt\clib3r.lib(hugeval.c)
00412410       __HugeValue
Module: C:\WATCOM/lib386\math387r.lib(ldclass.c)
00412418       __LDClass_
00412468*      _FLClass_
Module: C:\WATCOM/lib386/nt\clib3r.lib(chipbug.c)
00412480       __verify_pentium_fdiv_bug_
Module: C:\WATCOM/lib386/nt\flib7.lib(_matherr.c)
004124e0*      __imath2err_
00412520*      __amath1err_
00412550*      __amath2err_
00412580       __math2err_
00412690       __math1err_
004126a0*      __zmath2err_
00412700*      __qmath2err_
Module: C:\WATCOM/lib386\math387r.lib(math87e.c)
00412766       __math87_err_
Module: C:\WATCOM/lib386/nt\clib3r.lib(initargv.c)
004127e0       __Init_Argv_
00412830+      _getargv_
004129d0       __Fini_Argv_
Module: C:\WATCOM/lib386/nt\clib3r.lib(trdalloc.c)
004129e0       __FiniThreadProcessing_
Module: C:\WATCOM/lib386/nt\clib3r.lib(thredwnt.c)
00412aa0       __CBeginThread_
00412b40       __CEndThread_
Module: C:\WATCOM/lib386/nt\clib3r.lib(strtol.c)
00412da0*      strtoul_
00412db0       strtol_
Module: C:\WATCOM/lib386/nt\clib3r.lib(putenv.c)
00412dc0       putenv_
00413050       __putenv_
Module: C:\WATCOM/lib386/nt\clib3r.lib(fclose.c)
004131c0+      __doclose_
00413260       __shutdown_stream_
00413280*      fclose_
004180e8+      ___RmTmpFileFn
Module: C:\WATCOM/lib386/nt\clib3r.lib(freefp.c)
004132d0       __freefp_
00413320       __purgefp_
Module: C:\WATCOM/lib386/nt\clib3r.lib(leapyear.c)
00413350       __leapyear_
004150ac       ___diyr
004150c6       ___dilyr
Module: C:\WATCOM/lib386/nt\clib3r.lib(wcstombs.c)
00413390       wcstombs_
Module: C:\WATCOM/lib386/nt\clib3r.lib(histsplt.c)
004180ec       ___historical_splitparms
Module: C:\WATCOM/lib386/nt\clib3r.lib(mbslen.c)
00413430       _mbslen_
Module: C:\WATCOM/lib386/nt\clib3r.lib(mbstowcs.c)
00413460       mbstowcs_
Module: C:\WATCOM/lib386/nt\clib3r.lib(uputenv.c)
004134e0*      _wputenv_
00413700       __wputenv_
Module: C:\WATCOM/lib386/nt\clib3r.lib(flush.c)
00413800       __flush_
Module: C:\WATCOM/lib386/nt\clib3r.lib(wctomb.c)
00413900       wctomb_
Module: C:\WATCOM/lib386/nt\clib3r.lib(mbtowc.c)
00413940       mbtowc_
Module: C:\WATCOM/lib386/nt\clib3r.lib(ustrchr.c)
004139d0       wcschr_
Module: C:\WATCOM/lib386/nt\clib3r.lib(setenvar.c)
004139f0       __lib_SetEnvironmentVariableW_
Module: C:\WATCOM/lib386/nt\clib3r.lib(crtwenv.c)
00413ae0       __create_wide_environment_
Module: C:\WATCOM/lib386/nt\clib3r.lib(utoupper.c)
00413b48       towupper_
Module: C:\WATCOM/lib386/nt\clib3r.lib(fsync.c)
00413b60       fsync_
Module: C:\WATCOM/lib386/nt\clib3r.lib(qwrit.c)
00413bb0       __qwrite_


                        +----------------------+
                        |   Imported Symbols   |
                        +----------------------+

Symbol                              Module
======                              ======

_GetEnvironmentStringsA@0           KERNEL32.DLL
_GetVersion@0                       KERNEL32.DLL
_GetModuleFileNameA@12              KERNEL32.DLL
_GetCommandLineA@0                  KERNEL32.DLL
_GetCommandLineW@0                  KERNEL32.DLL
_FreeEnvironmentStringsA@4          KERNEL32.DLL
_GetModuleHandleA@4                 KERNEL32.DLL
_ExitProcess@4                      KERNEL32.DLL
_RtlUnwind@16                       KERNEL32.DLL
_GetFullPathNameA@16                KERNEL32.DLL
_GetFileType@4                      KERNEL32.DLL
_GetFileInformationByHandle@8       KERNEL32.DLL
_GetFileTime@16                     KERNEL32.DLL
_GetFileSize@8                      KERNEL32.DLL
_CreateFileA@28                     KERNEL32.DLL
_CloseHandle@4                      KERNEL32.DLL
_GetLastError@0                     KERNEL32.DLL
_GetDriveTypeA@4                    KERNEL32.DLL
_FindFirstFileA@8                   KERNEL32.DLL
_FindClose@4                        KERNEL32.DLL
_GetCurrentThreadId@0               KERNEL32.DLL
_SetStdHandle@8                     KERNEL32.DLL
_CreateEventA@16                    KERNEL32.DLL
_GetStdHandle@4                     KERNEL32.DLL
_GetModuleFileNameW@12              KERNEL32.DLL
_MultiByteToWideChar@24             KERNEL32.DLL
_LoadLibraryA@4                     KERNEL32.DLL
_GetProcAddress@8                   KERNEL32.DLL
_WriteFile@20                       KERNEL32.DLL
_SetUnhandledExceptionFilter@4      KERNEL32.DLL
_UnhandledExceptionFilter@4         KERNEL32.DLL
_VirtualQuery@12                    KERNEL32.DLL
_MessageBoxA@16                     USER32.DLL
_GetFileAttributesA@4               KERNEL32.DLL
_GetCurrentDirectoryA@8             KERNEL32.DLL
_FileTimeToLocalFileTime@8          KERNEL32.DLL
_FileTimeToDosDateTime@12           KERNEL32.DLL
_DosDateTimeToFileTime@12           KERNEL32.DLL
_LocalFileTimeToFileTime@8          KERNEL32.DLL
_FindNextFileA@8                    KERNEL32.DLL
_FormatMessageA@28                  KERNEL32.DLL
_SetFilePointer@16                  KERNEL32.DLL
_DeleteFileA@4                      KERNEL32.DLL
_SetEndOfFile@4                     KERNEL32.DLL
_ReadFile@20                        KERNEL32.DLL
_SetConsoleCtrlHandler@8            KERNEL32.DLL
_TlsGetValue@4                      KERNEL32.DLL
_TlsSetValue@8                      KERNEL32.DLL
_CharUpperA@4                       USER32.DLL
_VirtualAlloc@16                    KERNEL32.DLL
_InitializeCriticalSection@4        KERNEL32.DLL
_DeleteCriticalSection@4            KERNEL32.DLL
_LeaveCriticalSection@4             KERNEL32.DLL
_EnterCriticalSection@4             KERNEL32.DLL
_SetLastError@4                     KERNEL32.DLL
_TlsAlloc@0                         KERNEL32.DLL
_TlsFree@4                          KERNEL32.DLL
_VirtualFree@12                     KERNEL32.DLL
_GetTimeZoneInformation@4           KERNEL32.DLL
_GetACP@0                           KERNEL32.DLL
_GetOEMCP@0                         KERNEL32.DLL
_GetCPInfo@8                        KERNEL32.DLL
_CreateThread@24                    KERNEL32.DLL
_ResumeThread@4                     KERNEL32.DLL
_ExitThread@4                       KERNEL32.DLL
_SetEnvironmentVariableA@8          KERNEL32.DLL
_WideCharToMultiByte@32             KERNEL32.DLL
_SetEnvironmentVariableW@8          KERNEL32.DLL
_FlushFileBuffers@4                 KERNEL32.DLL


                        +--------------------+
                        |   Libraries Used   |
                        +--------------------+

C:\WATCOM/lib386/nt\kernel32.lib
C:\WATCOM/lib386/nt\user32.lib
C:\WATCOM/lib386/nt\flib7.lib
C:\WATCOM/lib386\math387r.lib
C:\WATCOM/lib386/nt\clib3r.lib
C:\WATCOM/lib386/nt\emu387.lib


                        +-----------------------+
                        |   Linker Statistics   |
                        +-----------------------+

Stack size:  00010000 (65536.)
Memory size:  000266a4 (157348.)
Entry point address: 00401c66
Link time: 00:00.25
