Open Watcom Linker Version 1.9
Portions Copyright (c) 1985-2002 Sybase, Inc. All Rights Reserved.
Created on:       12/12/06 17:51:15
Executable Image: Lista1Ex1.exe
creating a Windows NT character-mode executable


                        +------------+
                        |   Groups   |
                        +------------+

Group                           Address              Size
=====                           =======              ====

.idata                          00415000             00000786
DGROUP                          00416000             000130f0



                        +--------------+
                        |   Segments   |
                        +--------------+

Segment                Class          Group          Address         Size
=======                =====          =====          =======         ====

BEGTEXT                CODE           AUTO           00401000        00000007
_TEXT                  CODE           AUTO           00401010        00013c90
TRANSFER CODE          CODE           AUTO           00414ca0        0000019e
.idata                 .idata         .idata         00415000        00000786
_NULL                  BEGDATA        DGROUP         00416000        00000004
_AFTERNULL             BEGDATA        DGROUP         00416004        00000000
CONST                  DATA           DGROUP         00416010        00000188
_DATA                  DATA           DGROUP         004161a0        0000109c
CONST2                 DATA           DGROUP         0041723c        00000000
XIB                    DATA           DGROUP         0041723c        00000000
XI                     DATA           DGROUP         0041723c        0000004e
XIE                    DATA           DGROUP         0041728a        00000000
YIB                    DATA           DGROUP         0041728a        00000000
YI                     DATA           DGROUP         0041728a        00000030
YIE                    DATA           DGROUP         004172ba        00000000
TIB                    DATA           DGROUP         004172ba        00000000
TI                     DATA           DGROUP         004172ba        00000000
TIE                    DATA           DGROUP         004172ba        00000000
DATA                   DATA           DGROUP         004172ba        00000000
DATA32                 DATA           DGROUP         004172bc        0000011c
CONST32                CONST          DGROUP         00418000        00000000
_BSS                   BSS            DGROUP         00418000        000010f0
BSS32                  BSS            DGROUP         004190f0        00000000
STACK                  STACK          DGROUP         004190f0        00010000


                        +----------------+
                        |   Memory Map   |
                        +----------------+

* = unreferenced symbol
+ = symbol only referenced locally

Address        Symbol
=======        ======

Module: Lista1Ex1.obj(C:\WATCOM\src\fortran\TCC00162\Lista1Ex1.for)
00401010       FMAIN
Module: C:\WATCOM/lib386/nt\flib7.lib(setunit.c)
004011e0       RT@SetUnit
Module: C:\WATCOM/lib386/nt\flib7.lib(setfile.c)
00401220       RT@SetFile
Module: C:\WATCOM/lib386/nt\flib7.lib(exopen.c)
00401970       RT@IOOpen
004161e8+      _AccModTab
004161f8+      _FormTab
00416204+      _OpStatTab
00416218+      _BlnkTab
00416224+      _RecFmTab
00416234+      _CCtrlTab
00416240+      _ActionTab
00416250+      _ShareTab
Module: C:\WATCOM/lib386/nt\flib7.lib(setfmt.c)
00401990       RT@SetFmt
Module: C:\WATCOM/lib386/nt\flib7.lib(cowrite)
004019b0       RT@IOWrite
004019bf*      RT@OutLOG1
004019d1*      RT@OutLOG4
004019df*      RT@OutINT1
004019f1*      RT@OutINT2
00401a01       RT@OutINT4
00401a10*      RT@OutREAL
00401a20*      RT@OutDBLE
00401a30*      RT@OutXTND
00401a40*      RT@OutCPLX
00401a56*      RT@OutDBCX
00401a6c*      RT@OutXTCX
00401a82       RT@OutCHAR
00401a87*      RT@OutSTR
00401a8c*      RT@PrtArr
00401a91*      RT@PrtChArr
Module: C:\WATCOM/lib386/nt\flib7.lib(cortns)
00416268*      _FRT_SaveESP
00401aa1*      SwitchToGen
00401abf       SwitchToRT
00401add       RdWrCommon
00401b81       IOType_
00401b9f       IOChar
00401bba       IOStr
00401bcf       IOArr
00401bea       IOChArr
00401c0c       RT@EndIO
Module: C:\WATCOM/lib386/nt\flib7.lib(coread)
00401c16       RT@IORead
00401c25*      RT@InpLOG1
00401c34*      RT@InpLOG4
00401c43*      RT@InpINT1
00401c52*      RT@InpINT2
00401c61       RT@InpINT4
00401c70*      RT@InpREAL
00401c7f*      RT@InpDBLE
00401c8e*      RT@InpXTND
00401c9d*      RT@InpCPLX
00401cac*      RT@InpDBCX
00401cbb*      RT@InpXTCX
00401cca*      RT@InpCHAR
00401ccf*      RT@InpSTR
00401cd4*      RT@InpArr
00401cd9*      RT@InpChArr
Module: C:\WATCOM/lib386\math387r.lib(powii.c)
00401cde       IF@IPOW
00401cde*      IF@PowII
Module: C:\WATCOM/lib386/nt\flib7.lib(setstat.c)
00401d70       RT@SetStat
Module: C:\WATCOM/lib386/nt\flib7.lib(exclose.c)
00401e80       RT@IOClose
Module: C:\WATCOM/lib386/nt\clib3r.lib(cstrtwnt)
00401e96       _cstart_
00401e96*      mainCRTStartup
Module: C:\WATCOM/lib386/nt\emu387.lib(386)
00401ef4       __init_387_emulator
00401ef5*      __fini_387_emulator
Module: C:\WATCOM/lib386/nt\flib7.lib(initeng.c)
00418000       __init_english
Module: C:\WATCOM/lib386/nt\flib7.lib(initerr.c)
00418004       __init_error
Module: C:\WATCOM/lib386/nt\flib7.lib(setiocb.c)
00401f00       RT@SetIOCB
Module: C:\WATCOM/lib386/nt\flib7.lib(rdata.c)
00418010       _IORslt
00418020       _FmtBuff
00418024*      _Fmt_revert
00418028*      _Fmt_start
0041802c*      _Fmt_paren_level
00418030*      _Fmt_charptr
00418034*      _FmtEmStruct
00418038       _IOTypeRtn
0041803c*      _Fmt_end
00418040*      _Fmt_rep_spec
00418044       _FmtRoutine
00418048       _IOCB
0041804c       _Files
00418050*      _Fmt_delimited
Module: C:\WATCOM/lib386/nt\flib7.lib(rtutls.c)
00401fb0       FindFtnFile_
004020a0       RChkAlloc_
004020d0       F_Connect_
00402150       ConnectFile_
00402160       GetFileInfo_
00402250       DiscoFile_
004022c0*      ChkFileName_
004022f0+      ChkLogFile_
00402330       ChkIOOperation_
00402370       GetIOErr_
00402380       ChkIOErr_
004023a0       ChkUnitId_
004023e0*      ChkConnected_
00402400       SetEOF_
00402430       ClearEOF_
00402470       SysEOF_
004024a0       IsFixed_
004024b0       IsCarriage_
004024c0*      ChkRecordStructure_
004024f0*      ChkSequential_
00402510*      ChkExist_
00402540       StrItem_
Module: C:\WATCOM/lib386/nt\flib7.lib(exutil.c)
004025c0       FindKWord_
00402650*      ClrBuff_
00416298       _SpecId
Module: C:\WATCOM/lib386/nt\flib7.lib(ioerr.c)
004026a0       IOErr_
Module: C:\WATCOM/lib386/nt\flib7.lib(rtsysutl.c)
00402730       GetSysIOInfo_
00402750       GetSysFileInfo_
00402780       IsDevice_
00402950       OpenAction_
00402990*      DfltRecType_
004029b0+      _FileAttrs_
00402a70       CloseFile_
00402ae0       Scrtched_
00402b00       CloseDeleteFile_
00402b50       Errf_
00402b70       FPutBuff_
00402be0       FGetBuff_
00402c30       SeekFile_
00402c50       NoEOF_
00402c60       SysClearEOF_
00402c70       SameFile_
00402c80*      Rewindf_
00402ca0       SysCreateFile_
00402ce0       CheckLogicalRecord_
00402d00       SkipLogicalRecord_
00402d20*      BackSpacef_
00402d50*      EndFilef_
00402d90       GetIOErrMsg_
00402dd0       ReportNExist_
00402df0       ReportEOF_
00402e00*      WaitForEnter_
Module: C:\WATCOM/lib386/nt\flib7.lib(runmain.c)
00402e10*      __InitUnit6CC_
00402e20       __DevicesCC_
00402e30*      __InitAllowCommaSeparator_
00402e40       __AllowCommaSep_
00402e50+      _InitIO_
00402ec0+      CloseAllFiles_
00402f00*      _FiniEx_
00402f00       RunExit_
00402f40       RunEntry_
Module: C:\WATCOM/lib386/nt\flib7.lib(rdwr.c)
00402f70       DoOpen_
00402fa0+      _AllocBuffer_
00402fe0       IOPrologue_
00403220       UpdateRecNum_
Module: C:\WATCOM/lib386/nt\flib7.lib(iomain.c)
00403260       __ReleaseIOSys_
00403280       IOMain_
Module: C:\WATCOM/lib386/nt\flib7.lib(rfmtexec.c)
00403d60       R_FExec_
Module: C:\WATCOM/lib386/nt\flib7.lib(exwrite.c)
00403e00       DoWrite_
Module: C:\WATCOM/lib386/nt\clib3r.lib(crwdata)
00416308       __osmajor
00416309       __osminor
0041630a       __osbuild
0041630c       __osver
00416310       __winmajor
00416314       __winminor
00416318       __winver
004162d4       __LpDllName
004162d8       __LpwCmdLine
004162dc       __LpwPgmName
004162e0       __LpwDllName
004162cc       __LpCmdLine
004162d0       __LpPgmName
004162c4*      __dynend
004162c8       __curbrk
004162e4*      __STACKLOW
004162e8       __STACKTOP
004162ec       __ASTACKSIZ
004162f0       __ASTACKPTR
004162f4*      __cbyte
004162f8*      __cbyte2
004162fc*      __child
00416302       __Envptr
00416306*      __Envseg
00416300       __no87
0041631c       ___FPE_handler
Module: C:\WATCOM/lib386/nt\flib7.lib(thrdutil.c)
00403e90*      __InitMultiThreadIO_
00416324       ___SwitchStkLow
Module: C:\WATCOM/lib386/nt\flib7.lib(exread.c)
00403f20       DoRead_
Module: C:\WATCOM/lib386/nt\flib7.lib(_matherr.c)
00403f50*      __imath2err_
00403f90*      __amath1err_
00403fc0*      __amath2err_
00403ff0       __math2err_
00404100       __math1err_
00404110*      __zmath2err_
00404170*      __qmath2err_
Module: C:\WATCOM/lib386\math387r.lib(fchop87)
004041d8       __CHP
Module: C:\WATCOM/lib386/nt\clib3r.lib(_8087)
00416328       __8087
00416329       __real87
Module: C:\WATCOM/lib386/nt\clib3r.lib(main2wnt.c)
004041f0       __NTMain
Module: C:\WATCOM/lib386/nt\clib3r.lib(segdefns)
00401003       ___begtext
00416000*      __nullarea
0041723c       __Start_XI
0041728a       __End_XI
0041728a       __Start_YI
004172ba       __End_YI
Module: C:\WATCOM/lib386/nt\flib7.lib(english.c)
00404280       __UseEnglishCharSet_
Module: C:\WATCOM/lib386/nt\flib7.lib(errincl.c)
00404390       __InitError_
0041632c+      _PGroupTable
00416330+      _PErrWord
Module: C:\WATCOM/lib386/nt\flib7.lib(rtinit.c)
00416334       ___FAppType
00416338       __ExceptionInit
0041633c       __ExceptionFini
004043c0*      __InitFThreadData_
00404400+      RTSysFini_
00404410       RTSysInit_
00416344       __AccessFIO
00416348       __ReleaseFIO
0041634c       __PartialReleaseFIO
00418058       ___FThreadDataOffset
0041725a*      ___fthread_data_size
Module: C:\WATCOM/lib386/nt\clib3r.lib(mainwnt.c)
00416350       ___TlsIndex
00416354       ___FirstThreadData
00416358       ___GetThreadPtr
0041635c       __AccessFileH
00416360       __ReleaseFileH
00416364       __AccessIOB
00416368       __ReleaseIOB
0041636c       __AccessNHeap
00416370       __AccessFHeap
00416374       __ReleaseNHeap
00404480*      __threadid_
004044a0+      __sig_null_rtn_
004044b0+      __NTInit_
00404690+      __NTFini_
004046f0       __NTMainInit_
00404750       __exit_
00416378       __ReleaseFHeap
0041637c       __AccessTDList
00416380       __ReleaseTDList
00416384       __AccessFList
00416388       __ReleaseFList
0041638c       __ThreadExitRtn
00416390       ___sig_init_rtn
00416394       ___sig_fini_rtn
00416398       ___process_fini
00418064       ___Is_DLL
Module: C:\WATCOM/lib386/nt\flib7.lib(ioinit.c)
004047b0       IOSysInit_
Module: C:\WATCOM/lib386/nt\flib7.lib(rterr.c)
004163a0+      _TraceRoutine
00404800+      FlushStdUnit_
00404850+      WriteErr_
00404920       ErrHandler_
00404960       RTErr_
004163ac+      LG@ERR_HOOK
Module: C:\WATCOM/lib386/nt\flib7.lib(fdutil.c)
00404990       LocFile_
004049a0       LocUnit_
004049d0       ExtractInfo_
Module: C:\WATCOM/lib386/nt\flib7.lib(rstdio.c)
00404b00       _InitStandardInput_
00404b30       _InitStandardOutput_
Module: C:\WATCOM/lib386/nt\flib7.lib(rmemmgr.c)
00404b60       RMemAlloc_
00404b70       RMemFree_
Module: C:\WATCOM/lib386/nt\clib3r.lib(memset.c)
00404b80       memset_
Module: C:\WATCOM/lib386/nt\flib7.lib(deffname.c)
004163b0       _DefFName
Module: C:\WATCOM/lib386/nt\flib7.lib(stracc.c)
00404ba0       TrimStr_
00404be0       GetStr_
Module: C:\WATCOM/lib386/nt\flib7.lib(spawn.c)
00404c10       Spawn_
00404c70       Suicide_
Module: C:\WATCOM/lib386/nt\clib3r.lib(memicmp.c)
00404cb0       memicmp_
Module: C:\WATCOM/lib386/nt\flib7.lib(blderr.c)
00404d70       Substitute_
00404f30       ErrCodOrg_
Module: C:\WATCOM/lib386/nt\clib3r.lib(accsswnt.c)
00404f40       access_
Module: C:\WATCOM/lib386/nt\clib3r.lib(fullpath.c)
00404f80+      _sys_fullpath_
00405000       _fullpath_
Module: C:\WATCOM/lib386/nt\clib3r.lib(fstatwnt.c)
00405070       fstat_
Module: C:\WATCOM/lib386/nt\flib7.lib(poserr.c)
004053d0       Errorf_
004053f0*      EOFile_
00405410       ErrorMsg_
00405450       FSetTrunc_
00405460       FSetSysErr_
00405480       FSetErr_
004054a0       FSetEof_
004054c0       IOOk_
Module: C:\WATCOM/lib386/nt\clib3r.lib(statwnt.c)
004055e5       stat_
Module: C:\WATCOM/lib386/nt\flib7.lib(posopen.c)
00405820       InitStd_
004058e0       SetIOBufferSize_
00405900+      _AllocFile_
004059f0       Openf_
00405ae0       Closef_
Module: C:\WATCOM/lib386/nt\flib7.lib(posdat.c)
004165a0       _FStdIn
004165a4       _FStdOut
004165a8       _FStdErr
Module: C:\WATCOM/lib386/nt\flib7.lib(posflush.c)
00405b60       FlushBuffer_
Module: C:\WATCOM/lib386/nt\flib7.lib(posdel.c)
00405c10       Scratchf_
Module: C:\WATCOM/lib386/nt\clib3r.lib(nodefwin.c)
004165ac*      __WindowsIsWindowedHandle
004165b0*      __WindowsRemoveWindowedHandle
004165b4*      __WindowsNewWindow
004165b8*      __WindowsCloseWindow
004165bc*      __WindowsSetAbout
004165c0*      __WindowsSetAppTitle
004165c4*      __WindowsSetConTitle
004165c8*      __WindowsDestroyOnClose
004165cc*      __WindowsYieldControl
004165d0*      __WindowsShutDown
004165d4*      __WindowsStdin
004165d8       __WindowsStdout
004165dc*      __WindowsKbhit
004165e0*      __WindowsGetch
004165e4*      __WindowsGetche
004165e8*      __WindowsPutch
00405c30*      _dwShutDown_
00405c30*      _dwYield_
00405c30*      _dwSetConTitle_
00405c30*      _dwSetAppTitle_
00405c30*      _dwSetAboutDlg_
00405c30       _dwDeleteOnClose_
004165ec*      __WindowsExitRtn
00418680*      __init_default_win
Module: C:\WATCOM/lib386/nt\flib7.lib(posput.c)
00405c40       FPutRec_
00405c80       ChopFile_
00405cd0*      PutRec_
00405df0       writebytes_
00405e70       SysWrite_
Module: C:\WATCOM/lib386/nt\flib7.lib(posget.c)
00405fb0       readbytes_
00406080       SysRead_
004064f0       FGetRec_
00406520*      GetRec_
00406540       GetStdChar_
00406590       FCheckLogical_
00406610       FSkipLogical_
004066e0*      FGetVarRecLen_
Module: C:\WATCOM/lib386/nt\flib7.lib(posseek.c)
004067d0       FSeekRec_
00406810       CurrFileOffset_
00406810       FGetFilePos_
00406830       SysSeek_
00406a20*      FSeekAbs_
Module: C:\WATCOM/lib386/nt\clib3r.lib(stricmp.c)
00406a30       stricmp_
Module: C:\WATCOM/lib386/nt\flib7.lib(posrew.c)
00406a70       FRewind_
Module: C:\WATCOM/lib386/nt\flib7.lib(posback.c)
00406ae0       FBackspace_
Module: C:\WATCOM/lib386/nt\flib7.lib(postrunc.c)
00406bc0       FTruncate_
Module: C:\WATCOM/lib386/nt\clib3r.lib(errno.c)
00406be0       __get_errno_ptr_
00406bf0*      __get_doserrno_ptr_
Module: C:\WATCOM/lib386/nt\flib7.lib(sdfile.c)
004165f0*      _FFCtrlSeq
004165f2*      _SkipCtrlSeq
004165f4       _NormalCtrlSeq
004165f6       _SDTermIn
004165fa       _SDTermOut
004165fe*      _SDPrtName
Module: C:\WATCOM/lib386/nt\flib7.lib(wrutils.c)
00406c00       F_SendData_
00406c60*      SendLine_
00406c70       SendEOR_
00406d00*      SendInt_
00406d30       SendStr_
00406d50+      SendWSLStr_
00406d70       SendChar_
00406d90       Drop_
00406f50       IOItemResult_
Module: C:\WATCOM/lib386/nt\flib7.lib(rfmtutil.c)
00407000       R_ChkType_
00407030       R_NewRec_
00407070       R_ChkIType_
004070a0       R_ChkFType_
004070d0       R_ChkRecLen_
004070f0+      GetLen_
00407130       R_FOStr_
00407140*      FOString_
004071b0       R_FIStr_
00407270       R_FOLog_
004072c0       R_FILog_
004073a0       R_FIFloat_
00407590       GetReal_
004076a0       R_FOF_
00407720       R_FOE_
00407860+      FmtH2B_
00407950       R_FIHex_
00407ad0       R_FOHex_
00407ae0*      FOHex_
00407be0       R_FIInt_
00407cf0       R_FOInt_
00407f50       R_FOG_
004081d0+      ChkBuffLen_
Module: C:\WATCOM/lib386/nt\flib7.lib(arrayio.c)
00408290       ArrayIOType_
Module: C:\WATCOM/lib386/nt\flib7.lib(unfmtout.c)
004083f0       UnFmtOut_
Module: C:\WATCOM/lib386/nt\flib7.lib(freeout.c)
00408840       FreeOut_
00416604+      _OutRtn
Module: C:\WATCOM/lib386/nt\flib7.lib(unfmtin.c)
00408920       UnFmtIn_
004089c0+      NextUnFmtRec_
Module: C:\WATCOM/lib386/nt\flib7.lib(freein.c)
00408da0+      GetNum_
00408fa0       FreeIn_
00408fb0*      DoFreeIn_
00408fe0+      BumpComma_
00409010+      Blanks_
00409030+      CheckEor_
Module: C:\WATCOM/lib386/nt\clib3r.lib(chk8087.c)
00409660*      _fpreset_
004096a0       __chk8087_
004096b0*      __init_8087_
Module: C:\WATCOM/lib386/nt\clib3r.lib(initrtns.c)
004096e0       __InitRtns
00409730       __FiniRtns
Module: C:\WATCOM/lib386/nt\clib3r.lib(mthrdini.c)
00409790       __InitThreadData_
00416638       ___ThreadDataSize
Module: C:\WATCOM/lib386/nt\clib3r.lib(cmain386.c)
004097c0       __CMain
Module: C:\WATCOM/lib386/nt\clib3r.lib(dosseg)
00001234       __DOSseg__
Module: C:\WATCOM/lib386/nt\flib7.lib(csetinfo.c)
00418684       _CharSetInfo
Module: C:\WATCOM/lib386/nt\flib7.lib(errmsg.c)
00409b30       _GroupTable
00409be0       _ErrWord
Module: C:\WATCOM/lib386/nt\flib7.lib(errrtns.c)
00418698       ___ErrorFini
0041869c       ___ErrorInit
004186a0       ___BldErrMsg
Module: C:\WATCOM/lib386/nt\flib7.lib(rttraps.c)
0040a300       __EnableF77RTExceptionHandling_
0040a310       R_TrapInit_
0040a3a0       R_TrapFini_
0040a3b0*      __InitExceptionVectors_
Module: C:\WATCOM/lib386/nt\clib3r.lib(atexit.c)
0040a3c5       atexit_
Module: C:\WATCOM/lib386/nt\clib3r.lib(regdata.c)
0040a420       __RegisterThreadDataSize_
Module: C:\WATCOM/lib386/nt\clib3r.lib(hdlman.c)
0041663c+      ___NHandles
00416640+      ___OSHandles
00416644+      ___FakeHandles
0040a450+      __growPOSIXHandles_
0040a4f0       __allocPOSIXHandle_
0040a5b0       __freePOSIXHandle_
0040a5d0       __getOSHandle_
0040a5e0       __setOSHandle_
0040a630+      __NTGetFakeHandle_
0040a6a0       __initPOSIXHandles_
0040a780*      __set_handles_
0040a790*      _grow_handles_
Module: C:\WATCOM/lib386/nt\clib3r.lib(environ.c)
00418728       ___env_mask
0041872c       _environ
00418730       __wenviron
Module: C:\WATCOM/lib386/nt\clib3r.lib(getmodfn.c)
0040a7d0       __lib_GetModuleFileNameW_
Module: C:\WATCOM/lib386/nt\clib3r.lib(strdup.c)
0040a870       __clib_strdup_
Module: C:\WATCOM/lib386/nt\clib3r.lib(istable.c)
0040a8b0       __IsTable
Module: C:\WATCOM/lib386/nt\clib3r.lib(ustrdup.c)
0040a9b1       __clib_wcsdup_
Module: C:\WATCOM/lib386/nt\clib3r.lib(nfree.c)
0040a9e0       _nfree_
0040a9e0       free_
00418734       ___MiniHeapFreeRover
Module: C:\WATCOM/lib386/nt\clib3r.lib(excptwnt.c)
0040b150+      ___ReportException@4
0040b5a0       __DefaultExceptionHandler_
0040b5e0+      ___ExceptionFilter
0040b7f0       __NewExceptionFilter_
0040b820       __DoneExceptionFilter_
00416650       ___oscode_check_func
00416654       ___raise_func
00418738*      _sw
0041873c       ___ExceptionHandled
0041873d+      ___ReportInvoked
Module: C:\WATCOM/lib386/nt\clib3r.lib(stklmwnt.c)
0040b860       __init_stack_limits_
Module: C:\WATCOM/lib386/nt\flib7.lib(errutil.c)
0040b8d0       BldErrCode_
0040b930*      MsgFormat_
0040b960*      MsgBuffer_
0041666c+      _PGrpCodes
Module: C:\WATCOM/lib386/nt\clib3r.lib(enterdb.c)
0040b990       __EnterWVIDEO_
00416670       ___WD_Present
Module: C:\WATCOM/lib386/nt\flib7.lib(stdio.c)
0040b9d0       StdBuffer_
0040b9f0+      StdWrite_
0040bad0       StdFlush_
0040bb00       StdWriteNL_
Module: C:\WATCOM/lib386/nt\clib3r.lib(getenv.c)
0040bb30       getenv_
Module: C:\WATCOM/lib386/nt\clib3r.lib(ltoa.c)
0040bbc0       ultoa_
0040bc10       ltoa_
Module: C:\WATCOM/lib386/nt\clib3r.lib(nmalloc.c)
0040bc40       _nmalloc_
0040bc40       malloc_
00416a7c       ___nheapbeg
00416a80       ___MiniHeapRover
00416a84       ___LargestSizeB4MiniHeapRover
Module: C:\WATCOM/lib386/nt\clib3r.lib(__stos)
0040bd40       __STOSB
0040bd77*      __STOSD
Module: C:\WATCOM/lib386/nt\clib3r.lib(setjmp)
0040bde4       _setjmp_
0040be1d       longjmp_
Module: C:\WATCOM/lib386/nt\clib3r.lib(exit.c)
0040bea5+      __null_int23_exit_
0040bea6       exit_
0040bef6*      _exit_
00416a88+      ___int23_exit
00416a8c+      ___FPE_handler_exit
Module: C:\WATCOM/lib386/nt\clib3r.lib(memmove.c)
0040bf10       memmove_
Module: C:\WATCOM/lib386/nt\clib3r.lib(itoa.c)
0040bf70       utoa_
0040bfc0       itoa_
Module: C:\WATCOM/lib386/nt\clib3r.lib(fgtattr.c)
0040bff0       __fixed_GetFileAttributesA_
Module: C:\WATCOM/lib386/nt\clib3r.lib(dosret.c)
0040c090*      _dosretax_
0040c0a0*      _dosret0_
0040c0b0       __set_errno_dos_
0040c0e0*      __set_errno_dos_reterr_
0040c0f0       __set_errno_nt_
0040c100*      __set_errno_nt_reterr_
Module: C:\WATCOM/lib386/nt\clib3r.lib(seterrno.c)
0040c114       __set_errno_
0040c122*      __set_EDOM_
0040c130       __set_ERANGE_
0040c13e*      __set_EINVAL_
0040c151       __set_doserrno_
Module: C:\WATCOM/lib386/nt\clib3r.lib(gtcwdwnt.c)
0040c160       getcwd_
Module: C:\WATCOM/lib386/nt\clib3r.lib(iomode.c)
0040c1f0       __GetIOMode_
0040c210       __SetIOMode_nogrow_
00416b94       ___NFiles
00416b98       ___init_mode
00416be8       ___io_mode
Module: C:\WATCOM/lib386/nt\clib3r.lib(iomodtty.c)
0040c230       __ChkTTYIOMode_
0040c270       __IOMode_
Module: C:\WATCOM/lib386/nt\clib3r.lib(ntdirinf.c)
0040c290       __MakeDOSDT_
0040c2c0*      __FromDOSDT_
0040c2f0*      __GetNTDirInfo_
0040c330*      __NTFindNextFileWithAttr_
Module: C:\WATCOM/lib386/nt\clib3r.lib(d2ttime.c)
0040c390       _d2ttime_
Module: C:\WATCOM/lib386/nt\clib3r.lib(strerror.c)
0040c730       strerror_
0040c750*      _strerror_
0040c820*      _doserror_
00416bec+      __sys_errlist
00416c90+      __sys_nerr
Module: C:\WATCOM/lib386/nt\clib3r.lib(_strcmp)
0040c850       strcmp_
Module: C:\WATCOM/lib386/nt\clib3r.lib(mbspbrk.c)
0040c990       _mbspbrk_
Module: C:\WATCOM/lib386/nt\clib3r.lib(mbsinc.c)
0040c9e0       _mbsinc_
Module: C:\WATCOM/lib386/nt\clib3r.lib(tolower.c)
0040ca10       tolower_
Module: C:\WATCOM/lib386/nt\clib3r.lib(stiomode.c)
0040ca20       __grow_iomode_
0040caf0+      __shrink_iomode_
0040cb30       __SetIOMode_
Module: C:\WATCOM/lib386/nt\clib3r.lib(close.c)
0040cba0       close_
Module: C:\WATCOM/lib386/nt\clib3r.lib(openwnt.c)
0040cdc0*      open_
0040cde0       sopen_
Module: C:\WATCOM/lib386/nt\clib3r.lib(lseek.c)
0040ce10       lseek_
Module: C:\WATCOM/lib386/nt\flib7.lib(poscc.c)
0040ce60*      __LineFeedWithFormFeed_
0040ce70       FSetCC_
Module: C:\WATCOM/lib386/nt\clib3r.lib(write.c)
0040d120       write_
Module: C:\WATCOM/lib386/nt\clib3r.lib(unlnkwnt.c)
0040d380       unlink_
Module: C:\WATCOM/lib386/nt\clib3r.lib(chsizwnt.c)
0040d400       chsize_
Module: C:\WATCOM/lib386/nt\clib3r.lib(read.c)
0040d4f0       read_
Module: C:\WATCOM/lib386/nt\flib7.lib(ifile.c)
0040d680       SendIFBuff_
0040d6b0       NextIFBuff_
Module: C:\WATCOM/lib386/nt\flib7.lib(cctrl.c)
0040d6e0       CheckCCtrl_
Module: C:\WATCOM/lib386/nt\flib7.lib(rdutils.c)
0040d750       NextRec_
Module: C:\WATCOM/lib386/nt\flib7.lib(undefcg.c)
0040d8f0       OutLogCG_
0040d900       OutIntCG_
0040d940+      FmtRealCG_
0040d970+      FmtDoubleCG_
0040d9a0+      FmtExtendedCG_
0040d9d0+      UndefIntCG_
0040d9d0+      UndefLogCG_
0040d9d0+      UndefExtendedCG_
0040d9d0+      UndefDoubleCG_
0040d9d0+      UndefRealCG_
0040d9e0+      GetRealCG_
00416c9c       _FmtRealRtn
00416ca0       _FmtDoubleRtn
00416ca4       _FmtExtendedRtn
00416ca8       _SendStrRtn
00416cac       _UndefRealRtn
00416cb0       _UndefDoubleRtn
00416cb4       _UndefExtendedRtn
00416cb8       _UndefLogRtn
00416cbc       _UndefIntRtn
00416cc0       _GetRealRtn
Module: C:\WATCOM/lib386/nt\flib7.lib(rfmtlog.c)
0040da00       R_FmtLog_
Module: C:\WATCOM/lib386/nt\clib3r.lib(toupper.c)
0040da30       toupper_
Module: C:\WATCOM/lib386/nt\flib7.lib(fmtcnvt.c)
0040da40       FmtS2I_
0040db70       FmtS2F_
Module: C:\WATCOM/lib386/nt\flib7.lib(fmtrtns.c)
0040df40       R_F2E_
0040e0b0       R_F2F_
0040e240       SetMaxPrec_
Module: C:\WATCOM/lib386/nt\flib7.lib(flt86.c)
0040e250       _P1d100
0040e258       _P1d_99
Module: C:\WATCOM/lib386\math387r.lib(pow87)
0040e3b9*      pow_
0040e260       IF@DPOW
0040e260*      IF@POW
Module: C:\WATCOM/lib386/nt\flib7.lib(hexcnv.c)
0040e3e0       Hex_
0040e400*      HSToB_
0040e470       BToHS_
Module: C:\WATCOM/lib386/nt\clib3r.lib(strupr.c)
0040e4c0       strupr_
Module: C:\WATCOM/lib386/nt\flib7.lib(unfmtutl.c)
0040e4e0       _SizeVars
Module: C:\WATCOM/lib386/nt\flib7.lib(chrutils.c)
0040e4f0       JmpBlanks_
Module: C:\WATCOM/lib386/nt\clib3r.lib(8087cw.c)
00416cc4       __8087cw
Module: C:\WATCOM/lib386/nt\clib3r.lib(save8087.c)
00416cc8       ___Save8087
00416ccc       ___Rest8087
Module: C:\WATCOM/lib386/nt\clib3r.lib(init8087)
0040e514       __x87id
Module: C:\WATCOM/lib386/nt\clib3r.lib(cinit.c)
0040e550       __CommonInit_
Module: C:\WATCOM/lib386/nt\clib3r.lib(___argc.c)
00418848       ____Argc
0041884c       ____Argv
Module: C:\WATCOM/lib386/nt\flib7.lib(rtmain.c)
0040e560       main_
Module: C:\WATCOM/lib386/nt\clib3r.lib(signlwnt.c)
00416cd0+      __SignalTable
0040e580+      __SetSignalFunc_
0040e5d0+      __GetSignalFunc_
0040e600+      __GetSignalOSCode_
0040e630+      __CheckSignalExCode_
0040e770+      __sigabort_
0040e780       __sigfpe_handler_
0040e7d0       signal_
0040e860+      raise_
0040e8d0+      __SigInit_
0040e920+      __SigFini_
0040e960+      __sig_init_
Module: C:\WATCOM/lib386/nt\flib7.lib(fptraps.c)
0040ea40*      __MaskDefaultFPE_
0040ea60       FPTrapInit_
0040ea90       FPTrapFini_
Module: C:\WATCOM/lib386/nt\clib3r.lib(trdlist.c)
0040eb00       __GetThreadData_
0040eb50       __ReallocThreadData_
0040ec40       __AddThreadData_
0040ecc0       __RemoveThreadData_
0040ed20       __ResizeThreadDataList_
0040ed50       __FreeThreadDataList_
0040ed80*      __ActiveThreads_
Module: C:\WATCOM/lib386/nt\clib3r.lib(nrealloc.c)
0040eda0*      _nrealloc_
0040eda0       realloc_
Module: C:\WATCOM/lib386/nt\clib3r.lib(setenvp.c)
0040ee20       __setenvp_
0040eee0       __freeenvp_
Module: C:\WATCOM/lib386/nt\clib3r.lib(ustrlen.c)
0040ef2d       wcslen_
Module: C:\WATCOM/lib386/nt\clib3r.lib(memcpy.c)
0040ef40       memcpy_
Module: C:\WATCOM/lib386/nt\clib3r.lib(mem.c)
0040ef60       __MemAllocator
0040f010       __MemFree
Module: C:\WATCOM/lib386/nt\clib3r.lib(conutwnt.c)
0040f160*      __NTRealKey_
0040f210*      __NTConsoleInput_
0040f220       __NTConsoleOutput_
Module: C:\WATCOM/lib386/nt\clib3r.lib(fclex387.c)
0040f230       _ClearFPE_
Module: C:\WATCOM/lib386/nt\flib7.lib(errgrp.c)
0040f240       _GrpCodes
Module: C:\WATCOM/lib386/nt\clib3r.lib(iob.c)
00416d44       ___iob
00416f4c       __fmode
00418858       ___OpenStreams
0041885c       ___ClosedStreams
Module: C:\WATCOM/lib386/nt\clib3r.lib(setmd.c)
0040f2d0       setmode_
Module: C:\WATCOM/lib386/nt\clib3r.lib(mbterm.c)
0040f3c0       _mbterm_
Module: C:\WATCOM/lib386/nt\clib3r.lib(mbsnextc.c)
0040f400       _mbsnextc_
Module: C:\WATCOM/lib386/nt\clib3r.lib(mbcupper.c)
0040f440       _mbctoupper_
Module: C:\WATCOM/lib386/nt\clib3r.lib(alphabet.c)
00416134       ___Alphabet
Module: C:\WATCOM/lib386/nt\clib3r.lib(nmemneed.c)
0040f470       __nmemneed_
Module: C:\WATCOM/lib386/nt\clib3r.lib(grownear.c)
0040f5e0       __ExpandDGROUP_
Module: C:\WATCOM/lib386/nt\clib3r.lib(ljmphdl.c)
00416f50       ___longjmp_handler
Module: C:\WATCOM/lib386/nt\clib3r.lib(isattwnt.c)
0040f610       isatty_
Module: C:\WATCOM/lib386/nt\clib3r.lib(strncpy.c)
0040f630       strncpy_
Module: C:\WATCOM/lib386/nt\clib3r.lib(mktime.c)
0040f670       mktime_
Module: C:\WATCOM/lib386/nt\clib3r.lib(mbschr.c)
0040f700       _mbschr_
Module: C:\WATCOM/lib386/nt\clib3r.lib(mbisdbcs.c)
00418860       ___IsDBCS
Module: C:\WATCOM/lib386/nt\clib3r.lib(mbislead.c)
0040f760*      _ismbblead_
00418864       ___MBCSIsTable
Module: C:\WATCOM/lib386/nt\clib3r.lib(_clsewnt.c)
0040f780       __close_
Module: C:\WATCOM/lib386/nt\clib3r.lib(ntfio.c)
0040f7e0*      __GetNTCreateAttr_
0040f820       __GetNTAccessAttr_
0040f850       __GetNTShareAttr_
Module: C:\WATCOM/lib386/nt\clib3r.lib(umaskval.c)
00416f54       ___umaskval
Module: C:\WATCOM/lib386/nt\clib3r.lib(__lseek.c)
0040f8b0       __lseek_
Module: C:\WATCOM/lib386/nt\clib3r.lib(stackwnt.c)
0040f8f0       stackavail_
Module: C:\WATCOM/lib386/nt\clib3r.lib(stk)
0040f901*      __CHK
0040f911*      __STK
0040f930       __STKOVERFLOW_
0040f940*      __GRO
0040f960*      __alloca_probe
Module: C:\WATCOM/lib386/nt\flib7.lib(expchk.c)
0040f980       ToFFormat_
Module: C:\WATCOM/lib386/nt\flib7.lib(intarith.c)
0040f9d0       AddIOFlo_
0040f9e0*      SubIOFlo_
0040f9f0       MulIOFlo_
Module: C:\WATCOM/lib386\math387r.lib(strtod.c)
0040ff13+      __Strtold_
0041007a       strtod_
Module: C:\WATCOM/lib386\math387r.lib(ldcvt.c)
0041029d       _LDScale10x_
00410844       __LDcvt_
Module: C:\WATCOM/lib386/nt\clib3r.lib(chipvar)
00417010       ___chipbug
00417010       __chipbug
Module: C:\WATCOM/lib386\math387r.lib(pow87e.c)
00410c94       __pow87_err_
Module: C:\WATCOM/lib386\math387r.lib(exp87)
00410d83*      exp_
00410d1c*      __@DEXP1
00410d24*      IF@EXP
00410d24*      IF@DEXP
00410d26       __@DEXP
Module: C:\WATCOM/lib386/nt\clib3r.lib(chipd32.asm)
00410ea7       __fdiv_fpr
00411369*      __fdiv_chk
0041137c*      __fdiv_m32
004113c9*      __fdiv_m64
00411416*      __fdiv_m32r
00411463*      __fdiv_m64r
Module: C:\WATCOM/lib386/nt\clib3r.lib(argcv.c)
00418968       __argc
0041896c       __argv
00418970       ___argv
00418974       ___argc
Module: C:\WATCOM/lib386/nt\clib3r.lib(abort.c)
004114c5*      abort_
004114d7       __terminate_
00417024       ___abort
Module: C:\WATCOM/lib386/nt\clib3r.lib(cntrl87.c)
004114f0       _control87_
Module: C:\WATCOM/lib386/nt\clib3r.lib(mthread.c)
004116d0+      __CloseSemaphore_
00411710+      __AccessIOB_
00411720+      __ReleaseIOB_
00411730+      __AccessFileH_
00411740+      __ReleaseFileH_
00411750+      __AccessNHeap_
00411760+      __ReleaseNHeap_
00411770+      __AccessFHeap_
00411780+      __ReleaseFHeap_
00411790+      __AccessTDList_
004117a0+      __ReleaseTDList_
004117b0+      __AccessFList_
004117c0+      __AccessSemaphore_
00411820+      __ReleaseFList_
00411830+      __ReleaseSemaphore_
00411860+      __MultipleThread_
004118b0+      __AllocInitThreadData_
00411900*      __FreeInitThreadData_
00411910       __NTThreadInit_
00411980       __NTAddThread_
004119d0       __NTRemoveThread_
00411a60       __InitMultipleThread_
00417028+      ___AccessSema4
0041702c+      ___ReleaseSema4
00417030+      ___CloseSema4
Module: C:\WATCOM/lib386/nt\clib3r.lib(xmsgwnt.c)
00411c20+      __exit_with_msg_
00411c80       __fatal_runtime_error_
Module: C:\WATCOM/lib386/nt\clib3r.lib(calloc.c)
00411ca0       calloc_
Module: C:\WATCOM/lib386/nt\clib3r.lib(register.c)
00411cd0       __initthread_
00411ce0*      _beginthread_
00411cf0       _endthread_
00411d00*      __RegisterThreadData_
Module: C:\WATCOM/lib386/nt\clib3r.lib(nmsize.c)
00411d50       _nmsize_
00411d50*      _msize_
Module: C:\WATCOM/lib386/nt\clib3r.lib(nexpand.c)
00411d60       _nexpand_
00411d60*      _expand_
00411da0+      __HeapManager_expand_
Module: C:\WATCOM/lib386/nt\clib3r.lib(dofilstr.c)
00411f80       __ParsePosixHandleStr_
Module: C:\WATCOM/lib386/nt\clib3r.lib(clearenv.c)
004120a0       clearenv_
Module: C:\WATCOM/lib386/nt\clib3r.lib(initfile.c)
00412160       __InitFiles_
Module: C:\WATCOM/lib386/nt\clib3r.lib(ioexit.c)
00412260*      fcloseall_
00412270       __full_io_exit_
Module: C:\WATCOM/lib386/nt\clib3r.lib(mbconv.c)
00412280       _mbvtop_
Module: C:\WATCOM/lib386/nt\clib3r.lib(amblksiz.c)
00417040       __amblksiz
Module: C:\WATCOM/lib386/nt\clib3r.lib(heapen.c)
004122a0*      _heapenable_
00417044       ___heap_enabled
Module: C:\WATCOM/lib386/nt\clib3r.lib(nheapmin.c)
004122d0       _nheapshrink_
004122d0*      _nheapmin_
004122d0*      _heapmin_
004122d0       _heapshrink_
Module: C:\WATCOM/lib386/nt\clib3r.lib(locmktim.c)
004123c0       __local_mktime_
Module: C:\WATCOM/lib386/nt\clib3r.lib(gmtime.c)
00412540       __brktime_
00412640+      _gmtime_
00412660*      gmtime_
Module: C:\WATCOM/lib386/nt\clib3r.lib(tzset.c)
00417048       ___start_dst
0041706c       ___end_dst
00417194*      _tzname
0041719c       _timezone
004171a0       _daylight
004171a4       ___dst_adjust
004126d0*      __DontCacheOSTZ_
004126e0*      __CacheOSTZ_
00412bc0+      __parse_tz_
00412fb0       tzset_
Module: C:\WATCOM/lib386/nt\clib3r.lib(timeutil.c)
00413120       __isindst_
Module: C:\WATCOM/lib386/nt\clib3r.lib(mbclen.c)
00413450       _mbclen_
Module: C:\WATCOM/lib386/nt\clib3r.lib(mbccmp.c)
00413480       _mbccmp_
Module: C:\WATCOM/lib386/nt\clib3r.lib(mbinit.c)
004134f5       __mbinit_
004171ac       ___MBCodePage
Module: C:\WATCOM/lib386\math387r.lib(bufld386)
004135e4       __ZBuf2LD
Module: C:\WATCOM/lib386\math387r.lib(inf_nan.c)
00413687*      ___f_infinity
0041368b*      ___f_posqnan
0041368f       ___d_infinity
00413697       ___d_posqnan
0041369f*      ___ld_infinity
004136a7*      ___ld_posqnan
Module: C:\WATCOM/lib386/nt\clib3r.lib(hugeval.c)
004136b0       __HugeValue
Module: C:\WATCOM/lib386\math387r.lib(ldclass.c)
004136b8       __LDClass_
00413708*      _FLClass_
Module: C:\WATCOM/lib386/nt\clib3r.lib(chipbug.c)
00413720       __verify_pentium_fdiv_bug_
Module: C:\WATCOM/lib386\math387r.lib(math87e.c)
00413776       __math87_err_
Module: C:\WATCOM/lib386/nt\clib3r.lib(initargv.c)
004137f0       __Init_Argv_
00413840+      _getargv_
004139e0       __Fini_Argv_
Module: C:\WATCOM/lib386/nt\clib3r.lib(trdalloc.c)
004139f0       __FiniThreadProcessing_
Module: C:\WATCOM/lib386/nt\clib3r.lib(thredwnt.c)
00413ab0       __CBeginThread_
00413b50       __CEndThread_
Module: C:\WATCOM/lib386/nt\clib3r.lib(strtol.c)
00413db0*      strtoul_
00413dc0       strtol_
Module: C:\WATCOM/lib386/nt\clib3r.lib(putenv.c)
00413dd0       putenv_
00414060       __putenv_
Module: C:\WATCOM/lib386/nt\clib3r.lib(fclose.c)
004141d0+      __doclose_
00414270       __shutdown_stream_
00414290*      fclose_
004190e8+      ___RmTmpFileFn
Module: C:\WATCOM/lib386/nt\clib3r.lib(freefp.c)
004142e0       __freefp_
00414330       __purgefp_
Module: C:\WATCOM/lib386/nt\clib3r.lib(leapyear.c)
00414360       __leapyear_
00416164       ___diyr
0041617e       ___dilyr
Module: C:\WATCOM/lib386/nt\clib3r.lib(wcstombs.c)
004143a0       wcstombs_
Module: C:\WATCOM/lib386/nt\clib3r.lib(histsplt.c)
004190ec       ___historical_splitparms
Module: C:\WATCOM/lib386/nt\clib3r.lib(mbslen.c)
00414440       _mbslen_
Module: C:\WATCOM/lib386/nt\clib3r.lib(mbstowcs.c)
00414470       mbstowcs_
Module: C:\WATCOM/lib386/nt\clib3r.lib(uputenv.c)
004144f0*      _wputenv_
00414710       __wputenv_
Module: C:\WATCOM/lib386/nt\clib3r.lib(flush.c)
00414810       __flush_
Module: C:\WATCOM/lib386/nt\clib3r.lib(wctomb.c)
00414910       wctomb_
Module: C:\WATCOM/lib386/nt\clib3r.lib(mbtowc.c)
00414950       mbtowc_
Module: C:\WATCOM/lib386/nt\clib3r.lib(ustrchr.c)
004149e0       wcschr_
Module: C:\WATCOM/lib386/nt\clib3r.lib(setenvar.c)
00414a00       __lib_SetEnvironmentVariableW_
Module: C:\WATCOM/lib386/nt\clib3r.lib(crtwenv.c)
00414af0       __create_wide_environment_
Module: C:\WATCOM/lib386/nt\clib3r.lib(utoupper.c)
00414b58       towupper_
Module: C:\WATCOM/lib386/nt\clib3r.lib(fsync.c)
00414b70       fsync_
Module: C:\WATCOM/lib386/nt\clib3r.lib(qwrit.c)
00414bc0       __qwrite_


                        +----------------------+
                        |   Imported Symbols   |
                        +----------------------+

Symbol                              Module
======                              ======

_GetEnvironmentStringsA@0           KERNEL32.DLL
_GetVersion@0                       KERNEL32.DLL
_GetModuleFileNameA@12              KERNEL32.DLL
_GetCommandLineA@0                  KERNEL32.DLL
_GetCommandLineW@0                  KERNEL32.DLL
_FreeEnvironmentStringsA@4          KERNEL32.DLL
_GetModuleHandleA@4                 KERNEL32.DLL
_ExitProcess@4                      KERNEL32.DLL
_RtlUnwind@16                       KERNEL32.DLL
_GetFullPathNameA@16                KERNEL32.DLL
_GetFileType@4                      KERNEL32.DLL
_GetFileInformationByHandle@8       KERNEL32.DLL
_GetFileTime@16                     KERNEL32.DLL
_GetFileSize@8                      KERNEL32.DLL
_CreateFileA@28                     KERNEL32.DLL
_CloseHandle@4                      KERNEL32.DLL
_GetLastError@0                     KERNEL32.DLL
_GetDriveTypeA@4                    KERNEL32.DLL
_FindFirstFileA@8                   KERNEL32.DLL
_FindClose@4                        KERNEL32.DLL
_GetCurrentThreadId@0               KERNEL32.DLL
_SetStdHandle@8                     KERNEL32.DLL
_CreateEventA@16                    KERNEL32.DLL
_GetStdHandle@4                     KERNEL32.DLL
_GetModuleFileNameW@12              KERNEL32.DLL
_MultiByteToWideChar@24             KERNEL32.DLL
_LoadLibraryA@4                     KERNEL32.DLL
_GetProcAddress@8                   KERNEL32.DLL
_WriteFile@20                       KERNEL32.DLL
_SetUnhandledExceptionFilter@4      KERNEL32.DLL
_UnhandledExceptionFilter@4         KERNEL32.DLL
_VirtualQuery@12                    KERNEL32.DLL
_MessageBoxA@16                     USER32.DLL
_GetFileAttributesA@4               KERNEL32.DLL
_GetCurrentDirectoryA@8             KERNEL32.DLL
_FileTimeToLocalFileTime@8          KERNEL32.DLL
_FileTimeToDosDateTime@12           KERNEL32.DLL
_DosDateTimeToFileTime@12           KERNEL32.DLL
_LocalFileTimeToFileTime@8          KERNEL32.DLL
_FindNextFileA@8                    KERNEL32.DLL
_FormatMessageA@28                  KERNEL32.DLL
_SetFilePointer@16                  KERNEL32.DLL
_DeleteFileA@4                      KERNEL32.DLL
_SetEndOfFile@4                     KERNEL32.DLL
_ReadFile@20                        KERNEL32.DLL
_SetConsoleCtrlHandler@8            KERNEL32.DLL
_TlsGetValue@4                      KERNEL32.DLL
_TlsSetValue@8                      KERNEL32.DLL
_CharUpperA@4                       USER32.DLL
_VirtualAlloc@16                    KERNEL32.DLL
_InitializeCriticalSection@4        KERNEL32.DLL
_DeleteCriticalSection@4            KERNEL32.DLL
_LeaveCriticalSection@4             KERNEL32.DLL
_EnterCriticalSection@4             KERNEL32.DLL
_SetLastError@4                     KERNEL32.DLL
_TlsAlloc@0                         KERNEL32.DLL
_TlsFree@4                          KERNEL32.DLL
_VirtualFree@12                     KERNEL32.DLL
_GetTimeZoneInformation@4           KERNEL32.DLL
_GetACP@0                           KERNEL32.DLL
_GetOEMCP@0                         KERNEL32.DLL
_GetCPInfo@8                        KERNEL32.DLL
_CreateThread@24                    KERNEL32.DLL
_ResumeThread@4                     KERNEL32.DLL
_ExitThread@4                       KERNEL32.DLL
_SetEnvironmentVariableA@8          KERNEL32.DLL
_WideCharToMultiByte@32             KERNEL32.DLL
_SetEnvironmentVariableW@8          KERNEL32.DLL
_FlushFileBuffers@4                 KERNEL32.DLL


                        +--------------------+
                        |   Libraries Used   |
                        +--------------------+

C:\WATCOM/lib386/nt\kernel32.lib
C:\WATCOM/lib386/nt\user32.lib
C:\WATCOM/lib386/nt\flib7.lib
C:\WATCOM/lib386\math387r.lib
C:\WATCOM/lib386/nt\clib3r.lib
C:\WATCOM/lib386/nt\emu387.lib


                        +-----------------------+
                        |   Linker Statistics   |
                        +-----------------------+

Stack size:  00010000 (65536.)
Memory size:  000276b4 (161460.)
Entry point address: 00401e96
Link time: 00:00.34
