Open Watcom Linker Version 1.9
Portions Copyright (c) 1985-2002 Sybase, Inc. All Rights Reserved.
Created on:       12/12/13 17:00:08
Executable Image: Lista5Ex1.exe
creating a Windows NT character-mode executable


                        +------------+
                        |   Groups   |
                        +------------+

Group                           Address              Size
=====                           =======              ====

.idata                          0040a000             000005c0
DGROUP                          0040b000             000120f0



                        +--------------+
                        |   Segments   |
                        +--------------+

Segment                Class          Group          Address         Size
=======                =====          =====          =======         ====

BEGTEXT                CODE           AUTO           00401000        00000007
_TEXT                  CODE           AUTO           00401010        00008d30
TRANSFER CODE          CODE           AUTO           00409d40        0000013e
.idata                 .idata         .idata         0040a000        000005c0
_NULL                  BEGDATA        DGROUP         0040b000        00000004
_AFTERNULL             BEGDATA        DGROUP         0040b004        00000000
CONST                  DATA           DGROUP         0040b010        00000028
_DATA                  DATA           DGROUP         0040b040        00000ccc
XIB                    DATA           DGROUP         0040bd0c        00000000
XI                     DATA           DGROUP         0040bd0c        00000042
XIE                    DATA           DGROUP         0040bd4e        00000000
YIB                    DATA           DGROUP         0040bd4e        00000000
YI                     DATA           DGROUP         0040bd4e        00000030
YIE                    DATA           DGROUP         0040bd7e        00000000
CONST2                 DATA           DGROUP         0040bd80        00000000
TIB                    DATA           DGROUP         0040bd80        00000000
TI                     DATA           DGROUP         0040bd80        00000000
TIE                    DATA           DGROUP         0040bd80        00000000
DATA                   DATA           DGROUP         0040bd80        00000000
_BSS                   BSS            DGROUP         0040c000        000010e8
STACK                  STACK          DGROUP         0040d0f0        00010000


                        +----------------+
                        |   Memory Map   |
                        +----------------+

* = unreferenced symbol
+ = symbol only referenced locally

Address        Symbol
=======        ======

Module: Lista5Ex1.obj(C:\WATCOM\src\fortran\TCC00162\Lista5Ex1.for)
00401010       FMAIN
Module: C:\WATCOM/lib386/nt\clib3r.lib(cstrtwnt)
00401056       _cstart_
00401056*      mainCRTStartup
Module: C:\WATCOM/lib386/nt\emu387.lib(386)
004010b4       __init_387_emulator
004010b5*      __fini_387_emulator
Module: C:\WATCOM/lib386/nt\flib7.lib(initeng.c)
0040c000       __init_english
Module: C:\WATCOM/lib386/nt\flib7.lib(initerr.c)
0040c004       __init_error
Module: C:\WATCOM/lib386/nt\clib3r.lib(main2wnt.c)
004010c0       __NTMain
Module: C:\WATCOM/lib386/nt\clib3r.lib(segdefns)
00401003       ___begtext
0040b000*      __nullarea
0040bd0c       __Start_XI
0040bd4e       __End_XI
0040bd4e       __Start_YI
0040bd7e       __End_YI
Module: C:\WATCOM/lib386/nt\flib7.lib(english.c)
00401150       __UseEnglishCharSet_
Module: C:\WATCOM/lib386/nt\flib7.lib(errincl.c)
00401260       __InitError_
0040b040+      _PGroupTable
0040b044+      _PErrWord
Module: C:\WATCOM/lib386/nt\clib3r.lib(initrtns.c)
00401290       __InitRtns
004012e0       __FiniRtns
Module: C:\WATCOM/lib386/nt\clib3r.lib(mthrdini.c)
00401340       __InitThreadData_
0040b048       ___ThreadDataSize
Module: C:\WATCOM/lib386/nt\clib3r.lib(memset.c)
00401370       memset_
Module: C:\WATCOM/lib386/nt\clib3r.lib(mainwnt.c)
0040b04c       ___TlsIndex
0040b050       ___FirstThreadData
0040b054       ___GetThreadPtr
0040b058       __AccessFileH
0040b05c       __ReleaseFileH
0040b060       __AccessIOB
0040b064       __ReleaseIOB
0040b068       __AccessNHeap
0040b06c       __AccessFHeap
0040b070       __ReleaseNHeap
004013a0*      __threadid_
004013c0+      __sig_null_rtn_
004013d0+      __NTInit_
004015b0+      __NTFini_
00401610       __NTMainInit_
00401670       __exit_
0040b074       __ReleaseFHeap
0040b078       __AccessTDList
0040b07c       __ReleaseTDList
0040b080       __AccessFList
0040b084       __ReleaseFList
0040b088       __ThreadExitRtn
0040b08c       ___sig_init_rtn
0040b090       ___sig_fini_rtn
0040b094       ___process_fini
0040c010       ___Is_DLL
Module: C:\WATCOM/lib386/nt\clib3r.lib(cmain386.c)
004016c0       __CMain
Module: C:\WATCOM/lib386/nt\clib3r.lib(dosseg)
00001234       __DOSseg__
Module: C:\WATCOM/lib386/nt\flib7.lib(csetinfo.c)
0040c62c       _CharSetInfo
Module: C:\WATCOM/lib386/nt\flib7.lib(errmsg.c)
00401a30       _GroupTable
00401ae0       _ErrWord
Module: C:\WATCOM/lib386/nt\flib7.lib(blderr.c)
00402190       Substitute_
00402350*      ErrCodOrg_
Module: C:\WATCOM/lib386/nt\flib7.lib(errrtns.c)
0040c640       ___ErrorFini
0040c644       ___ErrorInit
0040c648       ___BldErrMsg
Module: C:\WATCOM/lib386/nt\clib3r.lib(stklmwnt.c)
00402360       __init_stack_limits_
Module: C:\WATCOM/lib386/nt\clib3r.lib(__stos)
004023d0       __STOSB
00402407*      __STOSD
Module: C:\WATCOM/lib386/nt\clib3r.lib(hdlman.c)
0040b098+      ___NHandles
0040b09c+      ___OSHandles
0040b0a0+      ___FakeHandles
00402480+      __growPOSIXHandles_
00402520+      __allocPOSIXHandle_
004025e0       __freePOSIXHandle_
00402600       __getOSHandle_
00402610       __setOSHandle_
00402660+      __NTGetFakeHandle_
004026d0       __initPOSIXHandles_
004027b0*      __set_handles_
004027c0*      _grow_handles_
Module: C:\WATCOM/lib386/nt\clib3r.lib(crwdata)
0040b0f0       __osmajor
0040b0f1       __osminor
0040b0f2       __osbuild
0040b0f4       __osver
0040b0f8       __winmajor
0040b0fc       __winminor
0040b100       __winver
0040b0bc       __LpDllName
0040b0c0       __LpwCmdLine
0040b0c4       __LpwPgmName
0040b0c8       __LpwDllName
0040b0b4       __LpCmdLine
0040b0b8       __LpPgmName
0040b0ac*      __dynend
0040b0b0       __curbrk
0040b0cc*      __STACKLOW
0040b0d0       __STACKTOP
0040b0d4       __ASTACKSIZ
0040b0d8       __ASTACKPTR
0040b0dc*      __cbyte
0040b0e0*      __cbyte2
0040b0e4*      __child
0040b0ea       __Envptr
0040b0ee*      __Envseg
0040b0e8       __no87
0040b104       ___FPE_handler
Module: C:\WATCOM/lib386/nt\clib3r.lib(environ.c)
0040c64c       ___env_mask
0040c650       _environ
0040c654       __wenviron
Module: C:\WATCOM/lib386/nt\clib3r.lib(getmodfn.c)
00402800       __lib_GetModuleFileNameW_
Module: C:\WATCOM/lib386/nt\clib3r.lib(strdup.c)
004028a0       __clib_strdup_
Module: C:\WATCOM/lib386/nt\clib3r.lib(istable.c)
004028e0       __IsTable
Module: C:\WATCOM/lib386/nt\clib3r.lib(ustrdup.c)
004029e1       __clib_wcsdup_
Module: C:\WATCOM/lib386/nt\clib3r.lib(nfree.c)
00402a10       _nfree_
00402a10       free_
0040c658       ___MiniHeapFreeRover
Module: C:\WATCOM/lib386/nt\clib3r.lib(excptwnt.c)
00403180+      ___ReportException@4
004035d0       __DefaultExceptionHandler_
00403610+      ___ExceptionFilter
00403820       __NewExceptionFilter_
00403850       __DoneExceptionFilter_
0040b108       ___oscode_check_func
0040b10c       ___raise_func
0040c65c*      _sw
0040c660       ___ExceptionHandled
0040c661+      ___ReportInvoked
Module: C:\WATCOM/lib386/nt\clib3r.lib(cinit.c)
00403890       __CommonInit_
Module: C:\WATCOM/lib386/nt\clib3r.lib(___argc.c)
0040c664       ____Argc
0040c668       ____Argv
Module: C:\WATCOM/lib386/nt\flib7.lib(rtmain.c)
004038a0       main_
Module: C:\WATCOM/lib386/nt\clib3r.lib(exit.c)
004038b2+      __null_int23_exit_
004038b3       exit_
00403903*      _exit_
0040b124+      ___int23_exit
0040b128+      ___FPE_handler_exit
Module: C:\WATCOM/lib386/nt\clib3r.lib(memmove.c)
00403920       memmove_
Module: C:\WATCOM/lib386/nt\clib3r.lib(itoa.c)
00403980       utoa_
004039d0       itoa_
Module: C:\WATCOM/lib386/nt\clib3r.lib(ltoa.c)
00403a00       ultoa_
00403a50*      ltoa_
Module: C:\WATCOM/lib386/nt\clib3r.lib(nmalloc.c)
00403a80       _nmalloc_
00403a80       malloc_
0040b12c       ___nheapbeg
0040b130       ___MiniHeapRover
0040b134       ___LargestSizeB4MiniHeapRover
Module: C:\WATCOM/lib386/nt\clib3r.lib(seterrno.c)
00403b7a       __set_errno_
00403b88*      __set_EDOM_
00403b96*      __set_ERANGE_
00403ba4*      __set_EINVAL_
00403bb7       __set_doserrno_
Module: C:\WATCOM/lib386/nt\clib3r.lib(nrealloc.c)
00403bd0*      _nrealloc_
00403bd0       realloc_
Module: C:\WATCOM/lib386/nt\clib3r.lib(iomode.c)
00403c50       __GetIOMode_
00403c70       __SetIOMode_nogrow_
0040b138       ___NFiles
0040b13c       ___init_mode
0040b18c       ___io_mode
Module: C:\WATCOM/lib386/nt\clib3r.lib(stiomode.c)
00403c90       __grow_iomode_
00403d60+      __shrink_iomode_
00403da0       __SetIOMode_
Module: C:\WATCOM/lib386/nt\clib3r.lib(setenvp.c)
00403e10       __setenvp_
00403ed0       __freeenvp_
Module: C:\WATCOM/lib386/nt\clib3r.lib(ustrlen.c)
00403f1d       wcslen_
Module: C:\WATCOM/lib386/nt\clib3r.lib(memcpy.c)
00403f30       memcpy_
Module: C:\WATCOM/lib386/nt\clib3r.lib(mem.c)
00403f50       __MemAllocator
00404000       __MemFree
Module: C:\WATCOM/lib386/nt\clib3r.lib(conutwnt.c)
00404150*      __NTRealKey_
00404200*      __NTConsoleInput_
00404210       __NTConsoleOutput_
Module: C:\WATCOM/lib386/nt\clib3r.lib(fclex387.c)
00404220       _ClearFPE_
Module: C:\WATCOM/lib386/nt\clib3r.lib(signlwnt.c)
0040b198+      __SignalTable
00404230+      __SetSignalFunc_
00404280+      __GetSignalFunc_
004042b0+      __GetSignalOSCode_
004042e0+      __CheckSignalExCode_
00404420+      __sigabort_
00404430       __sigfpe_handler_
00404480       signal_
00404510+      raise_
00404580+      __SigInit_
004045d0+      __SigFini_
00404610+      __sig_init_
Module: C:\WATCOM/lib386/nt\flib7.lib(rtinit.c)
0040b204       ___FAppType
0040b208       __ExceptionInit
0040b20c       __ExceptionFini
00404640*      __InitFThreadData_
00404680+      RTSysFini_
00404690       RTSysInit_
0040b214       __AccessFIO
0040b218       __ReleaseFIO
0040b21c*      __PartialReleaseFIO
0040c674       ___FThreadDataOffset
0040bd2a*      ___fthread_data_size
Module: C:\WATCOM/lib386/nt\flib7.lib(spawn.c)
004046f0       Spawn_
00404750       Suicide_
Module: C:\WATCOM/lib386/nt\clib3r.lib(argcv.c)
0040c678       __argc
0040c67c       __argv
0040c680       ___argv
0040c684       ___argc
Module: C:\WATCOM/lib386/nt\clib3r.lib(alphabet.c)
0040b010       ___Alphabet
Module: C:\WATCOM/lib386/nt\clib3r.lib(nmemneed.c)
00404790       __nmemneed_
Module: C:\WATCOM/lib386/nt\clib3r.lib(grownear.c)
00404900       __ExpandDGROUP_
Module: C:\WATCOM/lib386/nt\clib3r.lib(nmsize.c)
00404920       _nmsize_
00404920*      _msize_
Module: C:\WATCOM/lib386/nt\clib3r.lib(nexpand.c)
00404930       _nexpand_
00404930*      _expand_
00404970+      __HeapManager_expand_
Module: C:\WATCOM/lib386/nt\clib3r.lib(iomodtty.c)
00404b30       __ChkTTYIOMode_
00404b70*      __IOMode_
Module: C:\WATCOM/lib386/nt\clib3r.lib(dofilstr.c)
00404bb0       __ParsePosixHandleStr_
Module: C:\WATCOM/lib386/nt\clib3r.lib(clearenv.c)
00404cd0       clearenv_
Module: C:\WATCOM/lib386/nt\clib3r.lib(abort.c)
00404d75*      abort_
00404d87       __terminate_
0040b220       ___abort
Module: C:\WATCOM/lib386/nt\flib7.lib(rttraps.c)
00404e90       __EnableF77RTExceptionHandling_
00404ea0       R_TrapInit_
00404f30       R_TrapFini_
00404f40*      __InitExceptionVectors_
Module: C:\WATCOM/lib386/nt\clib3r.lib(nodefwin.c)
0040b224*      __WindowsIsWindowedHandle
0040b228*      __WindowsRemoveWindowedHandle
0040b22c*      __WindowsNewWindow
0040b230*      __WindowsCloseWindow
0040b234*      __WindowsSetAbout
0040b238*      __WindowsSetAppTitle
0040b23c*      __WindowsSetConTitle
0040b240*      __WindowsDestroyOnClose
0040b244*      __WindowsYieldControl
0040b248*      __WindowsShutDown
0040b24c*      __WindowsStdin
0040b250       __WindowsStdout
0040b254*      __WindowsKbhit
0040b258*      __WindowsGetch
0040b25c*      __WindowsGetche
0040b260*      __WindowsPutch
00404f60*      _dwShutDown_
00404f60*      _dwYield_
00404f60*      _dwSetConTitle_
00404f60*      _dwSetAppTitle_
00404f60*      _dwSetAboutDlg_
00404f60*      _dwDeleteOnClose_
0040b264*      __WindowsExitRtn
0040c688*      __init_default_win
Module: C:\WATCOM/lib386/nt\clib3r.lib(atexit.c)
00404f63       atexit_
Module: C:\WATCOM/lib386/nt\clib3r.lib(regdata.c)
00404fc0       __RegisterThreadDataSize_
Module: C:\WATCOM/lib386/nt\clib3r.lib(setjmp)
00404fe8       _setjmp_
00405021       longjmp_
Module: C:\WATCOM/lib386/nt\clib3r.lib(initargv.c)
004050b0       __Init_Argv_
00405100+      _getargv_
004052a0       __Fini_Argv_
Module: C:\WATCOM/lib386/nt\clib3r.lib(amblksiz.c)
0040b268       __amblksiz
Module: C:\WATCOM/lib386/nt\clib3r.lib(heapen.c)
004052b0*      _heapenable_
0040b26c       ___heap_enabled
Module: C:\WATCOM/lib386/nt\clib3r.lib(nheapmin.c)
004052e0       _nheapshrink_
004052e0*      _nheapmin_
004052e0*      _heapmin_
004052e0       _heapshrink_
Module: C:\WATCOM/lib386/nt\clib3r.lib(isattwnt.c)
004053d0       isatty_
Module: C:\WATCOM/lib386/nt\clib3r.lib(getenv.c)
004053f0       getenv_
Module: C:\WATCOM/lib386/nt\clib3r.lib(strncpy.c)
00405480       strncpy_
Module: C:\WATCOM/lib386/nt\clib3r.lib(strtol.c)
004056e0*      strtoul_
004056f0       strtol_
Module: C:\WATCOM/lib386/nt\clib3r.lib(putenv.c)
00405700       putenv_
00405990       __putenv_
Module: C:\WATCOM/lib386/nt\clib3r.lib(xmsgwnt.c)
00405b00+      __exit_with_msg_
00405b60       __fatal_runtime_error_
Module: C:\WATCOM/lib386/nt\flib7.lib(rterr.c)
0040b2fc+      _TraceRoutine
00405ba0+      FlushStdUnit_
00405bf0+      WriteErr_
00405cc0+      ErrHandler_
00405d00       RTErr_
0040b308+      LG@ERR_HOOK
Module: C:\WATCOM/lib386/nt\clib3r.lib(enterdb.c)
00405d30       __EnterWVIDEO_
0040b30c       ___WD_Present
Module: C:\WATCOM/lib386/nt\flib7.lib(fptraps.c)
00405e20*      __MaskDefaultFPE_
00405e40       FPTrapInit_
00405e70       FPTrapFini_
Module: C:\WATCOM/lib386/nt\clib3r.lib(trdlist.c)
00405ee0       __GetThreadData_
00405f30       __ReallocThreadData_
00406020       __AddThreadData_
004060a0       __RemoveThreadData_
00406100       __ResizeThreadDataList_
00406130       __FreeThreadDataList_
00406160*      __ActiveThreads_
Module: C:\WATCOM/lib386/nt\clib3r.lib(ljmphdl.c)
0040b310       ___longjmp_handler
Module: C:\WATCOM/lib386/nt\clib3r.lib(histsplt.c)
0040c718       ___historical_splitparms
Module: C:\WATCOM/lib386/nt\clib3r.lib(mbterm.c)
00406190       _mbterm_
Module: C:\WATCOM/lib386/nt\clib3r.lib(mbsnextc.c)
004061d0       _mbsnextc_
Module: C:\WATCOM/lib386/nt\clib3r.lib(mbcupper.c)
00406210       _mbctoupper_
Module: C:\WATCOM/lib386/nt\clib3r.lib(mbsinc.c)
00406240       _mbsinc_
Module: C:\WATCOM/lib386/nt\clib3r.lib(tolower.c)
00406270       tolower_
Module: C:\WATCOM/lib386/nt\clib3r.lib(mbschr.c)
00406280       _mbschr_
Module: C:\WATCOM/lib386/nt\clib3r.lib(mbslen.c)
004062e0       _mbslen_
Module: C:\WATCOM/lib386/nt\clib3r.lib(mbstowcs.c)
00406310       mbstowcs_
Module: C:\WATCOM/lib386/nt\clib3r.lib(uputenv.c)
00406390*      _wputenv_
004065b0       __wputenv_
Module: C:\WATCOM/lib386/nt\clib3r.lib(toupper.c)
004066b0       toupper_
Module: C:\WATCOM/lib386/nt\flib7.lib(posdat.c)
0040b4f4       _FStdIn
0040b4f8       _FStdOut
0040b4fc*      _FStdErr
Module: C:\WATCOM/lib386/nt\flib7.lib(rdata.c)
0040c720*      _IORslt
0040c730*      _FmtBuff
0040c734*      _Fmt_revert
0040c738*      _Fmt_start
0040c73c*      _Fmt_paren_level
0040c740*      _Fmt_charptr
0040c744*      _FmtEmStruct
0040c748*      _IOTypeRtn
0040c74c*      _Fmt_end
0040c750*      _Fmt_rep_spec
0040c754*      _FmtRoutine
0040c758*      _IOCB
0040c75c       _Files
0040c760*      _Fmt_delimited
Module: C:\WATCOM/lib386/nt\flib7.lib(posflush.c)
004066c0       FlushBuffer_
Module: C:\WATCOM/lib386/nt\flib7.lib(errutil.c)
00406770       BldErrCode_
004067d0*      MsgFormat_
00406800*      MsgBuffer_
0040b500+      _PGrpCodes
Module: C:\WATCOM/lib386/nt\flib7.lib(stdio.c)
00406840       StdBuffer_
00406860+      StdWrite_
00406940       StdFlush_
00406970       StdWriteNL_
Module: C:\WATCOM/lib386/nt\clib3r.lib(cntrl87.c)
004069a0       _control87_
Module: C:\WATCOM/lib386/nt\clib3r.lib(mthread.c)
00406b80+      __CloseSemaphore_
00406bc0+      __AccessIOB_
00406bd0+      __ReleaseIOB_
00406be0+      __AccessFileH_
00406bf0+      __ReleaseFileH_
00406c00+      __AccessNHeap_
00406c10+      __ReleaseNHeap_
00406c20+      __AccessFHeap_
00406c30+      __ReleaseFHeap_
00406c40+      __AccessTDList_
00406c50+      __ReleaseTDList_
00406c60+      __AccessFList_
00406c70+      __AccessSemaphore_
00406cd0+      __ReleaseFList_
00406ce0+      __ReleaseSemaphore_
00406d10+      __MultipleThread_
00406d60+      __AllocInitThreadData_
00406db0*      __FreeInitThreadData_
00406dc0       __NTThreadInit_
00406e30       __NTAddThread_
00406e80       __NTRemoveThread_
00406f10       __InitMultipleThread_
0040b90c+      ___AccessSema4
0040b910+      ___ReleaseSema4
0040b914+      ___CloseSema4
Module: C:\WATCOM/lib386/nt\clib3r.lib(calloc.c)
004070d0       calloc_
Module: C:\WATCOM/lib386/nt\clib3r.lib(register.c)
00407100       __initthread_
00407110*      _beginthread_
00407120       _endthread_
00407130*      __RegisterThreadData_
Module: C:\WATCOM/lib386/nt\clib3r.lib(mbisdbcs.c)
0040ced4       ___IsDBCS
Module: C:\WATCOM/lib386/nt\clib3r.lib(mbislead.c)
00407180*      _ismbblead_
0040ced8       ___MBCSIsTable
Module: C:\WATCOM/lib386/nt\clib3r.lib(mbconv.c)
004071a0       _mbvtop_
Module: C:\WATCOM/lib386/nt\clib3r.lib(mbclen.c)
004071c0       _mbclen_
Module: C:\WATCOM/lib386/nt\clib3r.lib(mbccmp.c)
004071f0       _mbccmp_
Module: C:\WATCOM/lib386/nt\clib3r.lib(mbtowc.c)
00407230       mbtowc_
Module: C:\WATCOM/lib386/nt\clib3r.lib(ustrchr.c)
004072c0       wcschr_
Module: C:\WATCOM/lib386/nt\clib3r.lib(setenvar.c)
004072e0       __lib_SetEnvironmentVariableW_
Module: C:\WATCOM/lib386/nt\clib3r.lib(crtwenv.c)
004073d0       __create_wide_environment_
Module: C:\WATCOM/lib386/nt\clib3r.lib(wcstombs.c)
00407440       wcstombs_
Module: C:\WATCOM/lib386/nt\clib3r.lib(utoupper.c)
004074df       towupper_
Module: C:\WATCOM/lib386/nt\flib7.lib(posput.c)
004074f0+      FPutRec_
00407530+      ChopFile_
00407580*      PutRec_
004076a0       writebytes_
00407720+      SysWrite_
Module: C:\WATCOM/lib386/nt\clib3r.lib(lseek.c)
00407860       lseek_
Module: C:\WATCOM/lib386/nt\clib3r.lib(write.c)
00407b00       write_
Module: C:\WATCOM/lib386/nt\flib7.lib(errgrp.c)
00407d60       _GrpCodes
Module: C:\WATCOM/lib386/nt\clib3r.lib(iob.c)
0040b924       ___iob
0040bb2c*      __fmode
0040cfdc       ___OpenStreams
0040cfe0       ___ClosedStreams
Module: C:\WATCOM/lib386/nt\clib3r.lib(setmd.c)
00407df0       setmode_
Module: C:\WATCOM/lib386/nt\clib3r.lib(errno.c)
00407ee0       __get_errno_ptr_
00407ef0*      __get_doserrno_ptr_
Module: C:\WATCOM/lib386/nt\clib3r.lib(_8087)
0040bb30       __8087
0040bb31       __real87
Module: C:\WATCOM/lib386/nt\clib3r.lib(trdalloc.c)
00407f00       __FiniThreadProcessing_
Module: C:\WATCOM/lib386/nt\clib3r.lib(thredwnt.c)
00407fc0       __CBeginThread_
00408060       __CEndThread_
Module: C:\WATCOM/lib386/nt\clib3r.lib(mbinit.c)
004080d0       __mbinit_
0040bb34       ___MBCodePage
Module: C:\WATCOM/lib386/nt\clib3r.lib(wctomb.c)
004081c0       wctomb_
Module: C:\WATCOM/lib386/nt\flib7.lib(poserr.c)
00408280*      Errorf_
004082a0*      EOFile_
004082c0*      ErrorMsg_
00408300       FSetTrunc_
00408310       FSetSysErr_
00408330       FSetErr_
00408350       FSetEof_
00408370       IOOk_
Module: C:\WATCOM/lib386/nt\flib7.lib(posseek.c)
00408390*      FSeekRec_
004083d0       CurrFileOffset_
004083d0       FGetFilePos_
004083f0       SysSeek_
004085e0*      FSeekAbs_
Module: C:\WATCOM/lib386/nt\clib3r.lib(chsizwnt.c)
00408650       chsize_
Module: C:\WATCOM/lib386/nt\flib7.lib(poscc.c)
00408740*      __LineFeedWithFormFeed_
00408750       FSetCC_
Module: C:\WATCOM/lib386/nt\clib3r.lib(__lseek.c)
004087b0       __lseek_
Module: C:\WATCOM/lib386/nt\clib3r.lib(dosret.c)
004087f0*      _dosretax_
00408800*      _dosret0_
00408810       __set_errno_dos_
00408840*      __set_errno_dos_reterr_
00408850       __set_errno_nt_
00408860*      __set_errno_nt_reterr_
Module: C:\WATCOM/lib386/nt\clib3r.lib(stackwnt.c)
00408880       stackavail_
Module: C:\WATCOM/lib386/nt\clib3r.lib(stk)
00408891*      __CHK
004088a1*      __STK
004088c0       __STKOVERFLOW_
004088d0*      __GRO
004088f0*      __alloca_probe
Module: C:\WATCOM/lib386/nt\clib3r.lib(initfile.c)
00408940       __InitFiles_
Module: C:\WATCOM/lib386/nt\clib3r.lib(ioexit.c)
00408a40*      fcloseall_
00408a50       __full_io_exit_
Module: C:\WATCOM/lib386/nt\clib3r.lib(chk8087.c)
00408a80*      _fpreset_
00408ac0       __chk8087_
00408ad0*      __init_8087_
Module: C:\WATCOM/lib386/nt\clib3r.lib(strerror.c)
00408e10       strerror_
00408e30*      _strerror_
00408f00*      _doserror_
0040bc58+      __sys_errlist
0040bcfc+      __sys_nerr
Module: C:\WATCOM/lib386/nt\flib7.lib(posget.c)
00408f30       readbytes_
00409000+      SysRead_
00409470+      FGetRec_
004094a0*      GetRec_
004094c0*      GetStdChar_
00409510*      FCheckLogical_
00409590*      FSkipLogical_
00409660*      FGetVarRecLen_
Module: C:\WATCOM/lib386/nt\clib3r.lib(fclose.c)
00409750+      __doclose_
004097f0       __shutdown_stream_
00409810*      fclose_
0040d0e4+      ___RmTmpFileFn
Module: C:\WATCOM/lib386/nt\clib3r.lib(freefp.c)
00409860       __freefp_
004098b0       __purgefp_
Module: C:\WATCOM/lib386/nt\clib3r.lib(8087cw.c)
0040bd00       __8087cw
Module: C:\WATCOM/lib386/nt\clib3r.lib(save8087.c)
0040bd04       ___Save8087
0040bd08       ___Rest8087
Module: C:\WATCOM/lib386/nt\clib3r.lib(init8087)
004098e4       __x87id
Module: C:\WATCOM/lib386/nt\clib3r.lib(read.c)
00409920       read_
Module: C:\WATCOM/lib386/nt\clib3r.lib(_clsewnt.c)
00409ab0       __close_
Module: C:\WATCOM/lib386/nt\clib3r.lib(flush.c)
00409b10       __flush_
Module: C:\WATCOM/lib386/nt\clib3r.lib(fsync.c)
00409c10       fsync_
Module: C:\WATCOM/lib386/nt\clib3r.lib(qwrit.c)
00409c60       __qwrite_


                        +----------------------+
                        |   Imported Symbols   |
                        +----------------------+

Symbol                              Module
======                              ======

_GetCurrentThreadId@0               KERNEL32.DLL
_GetEnvironmentStringsA@0           KERNEL32.DLL
_GetVersion@0                       KERNEL32.DLL
_GetModuleFileNameA@12              KERNEL32.DLL
_GetCommandLineA@0                  KERNEL32.DLL
_GetCommandLineW@0                  KERNEL32.DLL
_FreeEnvironmentStringsA@4          KERNEL32.DLL
_GetModuleHandleA@4                 KERNEL32.DLL
_ExitProcess@4                      KERNEL32.DLL
_VirtualQuery@12                    KERNEL32.DLL
_SetStdHandle@8                     KERNEL32.DLL
_CreateEventA@16                    KERNEL32.DLL
_GetStdHandle@4                     KERNEL32.DLL
_CloseHandle@4                      KERNEL32.DLL
_GetModuleFileNameW@12              KERNEL32.DLL
_MultiByteToWideChar@24             KERNEL32.DLL
_LoadLibraryA@4                     KERNEL32.DLL
_GetProcAddress@8                   KERNEL32.DLL
_WriteFile@20                       KERNEL32.DLL
_SetUnhandledExceptionFilter@4      KERNEL32.DLL
_UnhandledExceptionFilter@4         KERNEL32.DLL
_CreateFileA@28                     KERNEL32.DLL
_SetConsoleCtrlHandler@8            KERNEL32.DLL
_RtlUnwind@16                       KERNEL32.DLL
_VirtualAlloc@16                    KERNEL32.DLL
_VirtualFree@12                     KERNEL32.DLL
_GetFileType@4                      KERNEL32.DLL
_SetEnvironmentVariableA@8          KERNEL32.DLL
_TlsGetValue@4                      KERNEL32.DLL
_TlsSetValue@8                      KERNEL32.DLL
_CharUpperA@4                       USER32.DLL
_MessageBoxA@16                     USER32.DLL
_InitializeCriticalSection@4        KERNEL32.DLL
_DeleteCriticalSection@4            KERNEL32.DLL
_LeaveCriticalSection@4             KERNEL32.DLL
_EnterCriticalSection@4             KERNEL32.DLL
_GetLastError@0                     KERNEL32.DLL
_SetLastError@4                     KERNEL32.DLL
_TlsAlloc@0                         KERNEL32.DLL
_TlsFree@4                          KERNEL32.DLL
_SetEnvironmentVariableW@8          KERNEL32.DLL
_SetFilePointer@16                  KERNEL32.DLL
_CreateThread@24                    KERNEL32.DLL
_ResumeThread@4                     KERNEL32.DLL
_ExitThread@4                       KERNEL32.DLL
_GetACP@0                           KERNEL32.DLL
_GetOEMCP@0                         KERNEL32.DLL
_GetCPInfo@8                        KERNEL32.DLL
_WideCharToMultiByte@32             KERNEL32.DLL
_SetEndOfFile@4                     KERNEL32.DLL
_FormatMessageA@28                  KERNEL32.DLL
_ReadFile@20                        KERNEL32.DLL
_FlushFileBuffers@4                 KERNEL32.DLL


                        +--------------------+
                        |   Libraries Used   |
                        +--------------------+

C:\WATCOM/lib386/nt\kernel32.lib
C:\WATCOM/lib386/nt\user32.lib
C:\WATCOM/lib386/nt\flib7.lib
C:\WATCOM/lib386/nt\clib3r.lib
C:\WATCOM/lib386/nt\emu387.lib


                        +-----------------------+
                        |   Linker Statistics   |
                        +-----------------------+

Stack size:  00010000 (65536.)
Memory size:  0001b52e (111918.)
Entry point address: 00401056
Link time: 00:00.03
